###############################################################################
#
# IAR ELF Linker V9.40.1.364/W64 for ARM                  21/Nov/2025  20:56:37
# Copyright 2007-2023 IAR Systems AB.
#
#    Output file  =
#        D:\Develop\code\mini_smart_car\project\iar\Debug_m4\Exe\cyt2bl3.out
#    Map file     =
#        D:\Develop\code\mini_smart_car\project\iar\Debug_m4\List\cyt2bl3.map
#    Command line =
#        -f
#        D:\Develop\code\mini_smart_car\project\iar\Debug_m4\Exe\cyt2bl3.out.rsp
#        (D:\Develop\code\mini_smart_car\project\iar\Debug_m4\Obj\code_17896468042025673432.dir\base_transfer.o
#        D:\Develop\code\mini_smart_car\project\iar\Debug_m4\Obj\user_8514941877209965082.dir\cm4_isr.o
#        D:\Develop\code\mini_smart_car\project\iar\Debug_m4\Obj\adc_11722776235721520015.dir\cy_adc.o
#        D:\Develop\code\mini_smart_car\project\iar\Debug_m4\Obj\button_4990804375159372270.dir\cy_button.o
#        D:\Develop\code\mini_smart_car\project\iar\Debug_m4\Obj\canfd_1800690984773873875.dir\cy_canfd.o
#        D:\Develop\code\mini_smart_car\project\iar\Debug_m4\Obj\cpu_15938736945165268644.dir\cy_cpu.o
#        D:\Develop\code\mini_smart_car\project\iar\Debug_m4\Obj\crypto_1190170608956581615.dir\cy_crypto_config.o
#        D:\Develop\code\mini_smart_car\project\iar\Debug_m4\Obj\evtgen_3404189088603873129.dir\cy_evtgen.o
#        D:\Develop\code\mini_smart_car\project\iar\Debug_m4\Obj\flash_8529866181315662935.dir\cy_flash.o
#        D:\Develop\code\mini_smart_car\project\iar\Debug_m4\Obj\gpio_3999404635324069351.dir\cy_gpio.o
#        D:\Develop\code\mini_smart_car\project\iar\Debug_m4\Obj\rev_b_6162237342861132223.dir\cy_interrupt_map.o
#        D:\Develop\code\mini_smart_car\project\iar\Debug_m4\Obj\ipc_10145506163450686023.dir\cy_ipc_drv.o
#        D:\Develop\code\mini_smart_car\project\iar\Debug_m4\Obj\ipc_10145506163450686023.dir\cy_ipc_pipe.o
#        D:\Develop\code\mini_smart_car\project\iar\Debug_m4\Obj\ipc_10145506163450686023.dir\cy_ipc_sema.o
#        D:\Develop\code\mini_smart_car\project\iar\Debug_m4\Obj\lin_18429031207028094880.dir\cy_lin.o
#        D:\Develop\code\mini_smart_car\project\iar\Debug_m4\Obj\lvd_6353935867039560245.dir\cy_lvd.o
#        D:\Develop\code\mini_smart_car\project\iar\Debug_m4\Obj\mcwdt_4052485907822033969.dir\cy_mcwdt.o
#        D:\Develop\code\mini_smart_car\project\iar\Debug_m4\Obj\dma_12106025507578611576.dir\cy_mdma.o
#        D:\Develop\code\mini_smart_car\project\iar\Debug_m4\Obj\mpu_5663187252346826382.dir\cy_mpu.o
#        D:\Develop\code\mini_smart_car\project\iar\Debug_m4\Obj\flash_864493325053435817.dir\cy_mw_flash.o
#        D:\Develop\code\mini_smart_car\project\iar\Debug_m4\Obj\dma_12106025507578611576.dir\cy_pdma.o
#        D:\Develop\code\mini_smart_car\project\iar\Debug_m4\Obj\prot_10722960861768657883.dir\cy_prot.o
#        D:\Develop\code\mini_smart_car\project\iar\Debug_m4\Obj\scb_15490842639181808494.dir\cy_scb_common.o
#        D:\Develop\code\mini_smart_car\project\iar\Debug_m4\Obj\scb_15490842639181808494.dir\cy_scb_ezi2c.o
#        D:\Develop\code\mini_smart_car\project\iar\Debug_m4\Obj\scb_15490842639181808494.dir\cy_scb_i2c.o
#        D:\Develop\code\mini_smart_car\project\iar\Debug_m4\Obj\scb_15490842639181808494.dir\cy_scb_spi.o
#        D:\Develop\code\mini_smart_car\project\iar\Debug_m4\Obj\scb_15490842639181808494.dir\cy_scb_uart.o
#        D:\Develop\code\mini_smart_car\project\iar\Debug_m4\Obj\semihosting_143864889731838620.dir\cy_semihosting.o
#        D:\Develop\code\mini_smart_car\project\iar\Debug_m4\Obj\smartio_5451710003740070188.dir\cy_smartio.o
#        D:\Develop\code\mini_smart_car\project\iar\Debug_m4\Obj\smif_427648126384146252.dir\cy_smif.o
#        D:\Develop\code\mini_smart_car\project\iar\Debug_m4\Obj\smif_427648126384146252.dir\cy_smif_memslot.o
#        D:\Develop\code\mini_smart_car\project\iar\Debug_m4\Obj\smif_427648126384146252.dir\cy_smif_ver_specific.o
#        D:\Develop\code\mini_smart_car\project\iar\Debug_m4\Obj\srom_13018798572330080582.dir\cy_srom.o
#        D:\Develop\code\mini_smart_car\project\iar\Debug_m4\Obj\sw_timer_4215635015939382130.dir\cy_sw_tmr.o
#        D:\Develop\code\mini_smart_car\project\iar\Debug_m4\Obj\sysclk_16149231235676103872.dir\cy_sysclk.o
#        D:\Develop\code\mini_smart_car\project\iar\Debug_m4\Obj\sysflt_12293435975120599261.dir\cy_sysflt.o
#        D:\Develop\code\mini_smart_car\project\iar\Debug_m4\Obj\sysint_7435970359207984181.dir\cy_sysint.o
#        D:\Develop\code\mini_smart_car\project\iar\Debug_m4\Obj\syslib_16330585751512546975.dir\cy_syslib.o
#        D:\Develop\code\mini_smart_car\project\iar\Debug_m4\Obj\syslib_16330585751512546975.dir\cy_syslib_iar.o
#        D:\Develop\code\mini_smart_car\project\iar\Debug_m4\Obj\syspm_10887939769544754770.dir\cy_syspm.o
#        D:\Develop\code\mini_smart_car\project\iar\Debug_m4\Obj\sysreset_14586141425677365288.dir\cy_sysreset.o
#        D:\Develop\code\mini_smart_car\project\iar\Debug_m4\Obj\sysrtc_10747768817563771611.dir\cy_sysrtc.o
#        D:\Develop\code\mini_smart_car\project\iar\Debug_m4\Obj\systick_16016591671695740695.dir\cy_systick.o
#        D:\Develop\code\mini_smart_car\project\iar\Debug_m4\Obj\syswdt_9118657615806274156.dir\cy_syswdt.o
#        D:\Develop\code\mini_smart_car\project\iar\Debug_m4\Obj\tcpwm_422923530147891246.dir\cy_tcpwm.o
#        D:\Develop\code\mini_smart_car\project\iar\Debug_m4\Obj\tcpwm_422923530147891246.dir\cy_tcpwm_counter.o
#        D:\Develop\code\mini_smart_car\project\iar\Debug_m4\Obj\tcpwm_422923530147891246.dir\cy_tcpwm_pwm.o
#        D:\Develop\code\mini_smart_car\project\iar\Debug_m4\Obj\tcpwm_422923530147891246.dir\cy_tcpwm_quaddec.o
#        D:\Develop\code\mini_smart_car\project\iar\Debug_m4\Obj\tcpwm_422923530147891246.dir\cy_tcpwm_sr.o
#        D:\Develop\code\mini_smart_car\project\iar\Debug_m4\Obj\trigmux_9729677290734583340.dir\cy_trigmux.o
#        D:\Develop\code\mini_smart_car\project\iar\Debug_m4\Obj\code_17896468042025673432.dir\enconder.o
#        D:\Develop\code\mini_smart_car\project\iar\Debug_m4\Obj\code_17896468042025673432.dir\Gyro.o
#        D:\Develop\code\mini_smart_car\project\iar\Debug_m4\Obj\code_17896468042025673432.dir\image.o
#        D:\Develop\code\mini_smart_car\project\iar\Debug_m4\Obj\code_17896468042025673432.dir\ins.o
#        D:\Develop\code\mini_smart_car\project\iar\Debug_m4\Obj\code_17896468042025673432.dir\key.o
#        D:\Develop\code\mini_smart_car\project\iar\Debug_m4\Obj\user_8514941877209965082.dir\main_cm4.o
#        D:\Develop\code\mini_smart_car\project\iar\Debug_m4\Obj\code_17896468042025673432.dir\motor.o
#        D:\Develop\code\mini_smart_car\project\iar\Debug_m4\Obj\code_17896468042025673432.dir\pid.o
#        D:\Develop\code\mini_smart_car\project\iar\Debug_m4\Obj\zf_components_14936052685886095442.dir\seekfree_assistant.o
#        D:\Develop\code\mini_smart_car\project\iar\Debug_m4\Obj\zf_components_14936052685886095442.dir\seekfree_assistant_interface.o
#        D:\Develop\code\mini_smart_car\project\iar\Debug_m4\Obj\startup_479057977785470282.dir\startup.o
#        D:\Develop\code\mini_smart_car\project\iar\Debug_m4\Obj\startup_479057977785470282.dir\startup_cm4.o
#        D:\Develop\code\mini_smart_car\project\iar\Debug_m4\Obj\rev_b_4986922561640112550.dir\system_tviibe4m_cm4.o
#        D:\Develop\code\mini_smart_car\project\iar\Debug_m4\Obj\code_17896468042025673432.dir\vofa_function.o
#        D:\Develop\code\mini_smart_car\project\iar\Debug_m4\Obj\code_17896468042025673432.dir\vofa_uart.o
#        D:\Develop\code\mini_smart_car\project\iar\Debug_m4\Obj\zf_common_1201165462030747823.dir\zf_common_clock.o
#        D:\Develop\code\mini_smart_car\project\iar\Debug_m4\Obj\zf_common_1201165462030747823.dir\zf_common_debug.o
#        D:\Develop\code\mini_smart_car\project\iar\Debug_m4\Obj\zf_common_1201165462030747823.dir\zf_common_fifo.o
#        D:\Develop\code\mini_smart_car\project\iar\Debug_m4\Obj\zf_common_1201165462030747823.dir\zf_common_font.o
#        D:\Develop\code\mini_smart_car\project\iar\Debug_m4\Obj\zf_common_1201165462030747823.dir\zf_common_function.o
#        D:\Develop\code\mini_smart_car\project\iar\Debug_m4\Obj\zf_common_1201165462030747823.dir\zf_common_interrupt.o
#        D:\Develop\code\mini_smart_car\project\iar\Debug_m4\Obj\zf_device_6570275422786408770.dir\zf_device_ble6a20.o
#        D:\Develop\code\mini_smart_car\project\iar\Debug_m4\Obj\zf_device_6570275422786408770.dir\zf_device_dl1a.o
#        D:\Develop\code\mini_smart_car\project\iar\Debug_m4\Obj\zf_device_6570275422786408770.dir\zf_device_dl1b.o
#        D:\Develop\code\mini_smart_car\project\iar\Debug_m4\Obj\zf_device_6570275422786408770.dir\zf_device_gnss.o
#        D:\Develop\code\mini_smart_car\project\iar\Debug_m4\Obj\zf_device_6570275422786408770.dir\zf_device_icm20602.o
#        D:\Develop\code\mini_smart_car\project\iar\Debug_m4\Obj\zf_device_6570275422786408770.dir\zf_device_imu660ra.o
#        D:\Develop\code\mini_smart_car\project\iar\Debug_m4\Obj\zf_device_6570275422786408770.dir\zf_device_imu963ra.o
#        D:\Develop\code\mini_smart_car\project\iar\Debug_m4\Obj\zf_device_6570275422786408770.dir\zf_device_ips114.o
#        D:\Develop\code\mini_smart_car\project\iar\Debug_m4\Obj\zf_device_6570275422786408770.dir\zf_device_ips200.o
#        D:\Develop\code\mini_smart_car\project\iar\Debug_m4\Obj\zf_device_6570275422786408770.dir\zf_device_key.o
#        D:\Develop\code\mini_smart_car\project\iar\Debug_m4\Obj\zf_device_6570275422786408770.dir\zf_device_menc15a.o
#        D:\Develop\code\mini_smart_car\project\iar\Debug_m4\Obj\zf_device_6570275422786408770.dir\zf_device_mt9v03x.o
#        D:\Develop\code\mini_smart_car\project\iar\Debug_m4\Obj\zf_device_6570275422786408770.dir\zf_device_oled.o
#        D:\Develop\code\mini_smart_car\project\iar\Debug_m4\Obj\zf_device_6570275422786408770.dir\zf_device_tft180.o
#        D:\Develop\code\mini_smart_car\project\iar\Debug_m4\Obj\zf_device_6570275422786408770.dir\zf_device_tsl1401.o
#        D:\Develop\code\mini_smart_car\project\iar\Debug_m4\Obj\zf_device_6570275422786408770.dir\zf_device_type.o
#        D:\Develop\code\mini_smart_car\project\iar\Debug_m4\Obj\zf_device_6570275422786408770.dir\zf_device_uart_receiver.o
#        D:\Develop\code\mini_smart_car\project\iar\Debug_m4\Obj\zf_device_6570275422786408770.dir\zf_device_wifi_uart.o
#        D:\Develop\code\mini_smart_car\project\iar\Debug_m4\Obj\zf_device_6570275422786408770.dir\zf_device_wireless_uart.o
#        D:\Develop\code\mini_smart_car\project\iar\Debug_m4\Obj\zf_driver_11922370083829174090.dir\zf_driver_adc.o
#        D:\Develop\code\mini_smart_car\project\iar\Debug_m4\Obj\zf_driver_11922370083829174090.dir\zf_driver_delay.o
#        D:\Develop\code\mini_smart_car\project\iar\Debug_m4\Obj\zf_driver_11922370083829174090.dir\zf_driver_encoder.o
#        D:\Develop\code\mini_smart_car\project\iar\Debug_m4\Obj\zf_driver_11922370083829174090.dir\zf_driver_exti.o
#        D:\Develop\code\mini_smart_car\project\iar\Debug_m4\Obj\zf_driver_11922370083829174090.dir\zf_driver_flash.o
#        D:\Develop\code\mini_smart_car\project\iar\Debug_m4\Obj\zf_driver_11922370083829174090.dir\zf_driver_gpio.o
#        D:\Develop\code\mini_smart_car\project\iar\Debug_m4\Obj\zf_driver_11922370083829174090.dir\zf_driver_pit.o
#        D:\Develop\code\mini_smart_car\project\iar\Debug_m4\Obj\zf_driver_11922370083829174090.dir\zf_driver_pwm.o
#        D:\Develop\code\mini_smart_car\project\iar\Debug_m4\Obj\zf_driver_11922370083829174090.dir\zf_driver_soft_iic.o
#        D:\Develop\code\mini_smart_car\project\iar\Debug_m4\Obj\zf_driver_11922370083829174090.dir\zf_driver_soft_spi.o
#        D:\Develop\code\mini_smart_car\project\iar\Debug_m4\Obj\zf_driver_11922370083829174090.dir\zf_driver_spi.o
#        D:\Develop\code\mini_smart_car\project\iar\Debug_m4\Obj\zf_driver_11922370083829174090.dir\zf_driver_timer.o
#        D:\Develop\code\mini_smart_car\project\iar\Debug_m4\Obj\zf_driver_11922370083829174090.dir\zf_driver_uart.o
#        --no_out_extension -o
#        D:\Develop\code\mini_smart_car\project\iar\Debug_m4\Exe\cyt2bl3.out
#        --config_def _CORE_cm4_=0 --config_def _LINK_flash_=0 --map
#        D:\Develop\code\mini_smart_car\project\iar\Debug_m4\List\cyt2bl3.map
#        --config
#        D:\Develop\code\mini_smart_car\project\iar\project_config\..\icf\linker_directives_tviibe4m.icf
#        --semihosting
#        D:\Develop\code\mini_smart_car\project\iar\project_config\..\..\..\libraries\zf_device\zf_device_config.a
#        --entry __iar_program_start --vfe --text_out locale --cpu=Cortex-M4
#        --fpu=VFPv4_sp) --dependencies=n
#        D:\Develop\code\mini_smart_car\project\iar\Debug_m4\Exe\cyt2bl3.out.iar_deps
#
###############################################################################

*******************************************************************************
*** RUNTIME MODEL ATTRIBUTES
***

CppFlavor       = *
__CPP_Runtime   = 1
__SystemLibrary = DLib
__dlib_version  = 6


*******************************************************************************
*** HEAP SELECTION
***

The basic heap was selected because --advanced_heap
was not specified and the application did not appear to
be primarily optimized for speed.


*******************************************************************************
*** PLACEMENT SUMMARY
***

"A0":  place at start of [from 0x1008'0000 to 0x1040'ffff] { section .intvec };
"P1":  place in [from 0x1008'0000 to 0x1040'ffff] { ro };
"P2":  place in [from 0x802'0000 to 0x807'ffff] { rw };
define block HEAP with size = 1K, alignment = 8 { };
define block CSTACK with size = 8K, alignment = 8 { };
define block HEAP_STACK { block HEAP, last block CSTACK };
"A1":  place at end of [from 0x802'0000 to 0x807'ffff] { block HEAP_STACK };
do not initialize { section .intvec_ram };
initialize by copy { rw };

No sections matched the following patterns:

  ro section .sflash_app_prot  in "P6"
  ro section .sflash_nar       in "P4"
  ro section .sflash_pkey      in "P5"
  ro section .sflash_toc2      in "P7"
  ro section .sflash_uf_rows   in "P3"
  ro section .work_flash       in "P8"
  section .global_ram_data     in "P9"


  Section            Kind         Address    Size  Object
  -------            ----         -------    ----  ------
Absolute sections, part 1 of 2:               0x4
  .noinit            uninit    0x800'6918     0x2  zf_device_mt9v03x.o [41]
  .noinit            uninit    0x800'691a     0x2  zf_device_mt9v03x.o [41]
                             - 0x800'691c     0x4

Absolute sections, part 2 of 2:            0x2ee0
  .noinit            uninit    0x802'0658  0x2ee0  zf_device_mt9v03x.o [41]
                             - 0x802'3538  0x2ee0

"P2", part 1 of 3:                          0x895
  P2-1                         0x802'3538   0x895  <Init block>
    .data            inited    0x802'3538   0x5fc  cy_interrupt_map.o [19]
    .data            inited    0x802'3b34     0x4  cy_interrupt_map.o [19]
    .data            inited    0x802'3b38     0x4  Gyro.o [4]
    .data            inited    0x802'3b3c    0x18  Gyro.o [4]
    .data            inited    0x802'3b54    0x18  Gyro.o [4]
    .data            inited    0x802'3b6c    0x18  Gyro.o [4]
    .data            inited    0x802'3b84     0x4  Gyro.o [4]
    .data            inited    0x802'3b88     0xc  Gyro.o [4]
    .data            inited    0x802'3b94   0x190  image.o [4]
    .data            inited    0x802'3d24     0x4  motor.o [4]
    .data            inited    0x802'3d28     0x8  zf_device_imu660ra.o [41]
    .data            inited    0x802'3d30     0x4  zf_device_type.o [41]
    .data            inited    0x802'3d34     0x4  zf_driver_encoder.o [42]
    .data            inited    0x802'3d38    0x10  zf_driver_encoder.o [42]
    .data            inited    0x802'3d48    0x3c  zf_driver_pit.o [42]
    .data            inited    0x802'3d84    0x10  zf_driver_spi.o [42]
    .data            inited    0x802'3d94    0x14  zf_driver_uart.o [42]
    .data            inited    0x802'3da8    0x14  zf_driver_uart.o [42]
    .data            inited    0x802'3dbc     0x2  zf_device_ips200.o [41]
    .data            inited    0x802'3dbe     0x2  zf_device_ips200.o [41]
    .data            inited    0x802'3dc0     0x2  zf_device_ips200.o [41]
    .data            inited    0x802'3dc2     0x2  zf_device_ips200.o [41]
    .data            inited    0x802'3dc4     0x1  image.o [4]
    .data            inited    0x802'3dc5     0x1  ins.o [4]
    .data            inited    0x802'3dc6     0x1  zf_common_debug.o [39]
    .data            inited    0x802'3dc7     0x1  zf_device_ips200.o [41]
    .data            inited    0x802'3dc8     0x1  zf_device_ips200.o [41]
    .data            inited    0x802'3dc9     0x1  zf_device_ips200.o [41]
    .data            inited    0x802'3dca     0x1  zf_device_ips200.o [41]
    .data            inited    0x802'3dcb     0x1  zf_driver_delay.o [42]
    .data            inited    0x802'3dcc     0x1  zf_driver_delay.o [42]
                             - 0x802'3dcd   0x895

"P2", part 2 of 3:                         0x7058
  .bss               zero      0x802'3dd0  0x2ee0  image.o [4]
  .bss               zero      0x802'6cb0  0x2ee0  zf_device_mt9v03x.o [41]
  .bss               zero      0x802'9b90   0x800  zf_driver_flash.o [42]
  .bss               zero      0x802'a390   0x1e0  ins.o [4]
  .bss               zero      0x802'a570   0x118  zf_driver_uart.o [42]
  .bss               zero      0x802'a688    0xc8  image.o [4]
  .bss               zero      0x802'a750    0xc8  image.o [4]
  .bss               zero      0x802'a818    0xc8  image.o [4]
  .bss               zero      0x802'a8e0    0xc8  image.o [4]
  .bss               zero      0x802'a9a8    0x70  cy_syslib.o [30]
  .bss               zero      0x802'aa18    0x40  zf_common_debug.o [39]
  .bss               zero      0x802'aa58    0x40  zf_device_wireless_uart.o [41]
  .bss               zero      0x802'aa98    0x3c  pid.o [4]
  .bss               zero      0x802'aad4    0x3c  pid.o [4]
  .bss               zero      0x802'ab10    0x3c  pid.o [4]
  .bss               zero      0x802'ab4c    0x3c  pid.o [4]
  .bss               zero      0x802'ab88    0x3c  pid.o [4]
  .bss               zero      0x802'abc4    0x3c  pid.o [4]
  .bss               zero      0x802'ac00    0x24  vofa_function.o [4]
  .bss               zero      0x802'ac24    0x18  cy_sysclk.o [27]
  .bss               zero      0x802'ac3c    0x18  cy_syslib.o [30]
  .bss               zero      0x802'ac54    0x18  vofa_function.o [4]
  .bss               zero      0x802'ac6c    0x18  zf_common_debug.o [39]
  .bss               zero      0x802'ac84    0x18  zf_device_wireless_uart.o [41]
  .bss               zero      0x802'ac9c    0x14  zf_common_debug.o [39]
  .bss               zero      0x802'acc0    0x10  cy_srom.o [24]
  .bss               zero      0x802'acd0    0x10  zf_device_config_mt9v03x.o [47]
  .bss               zero      0x802'ace0     0x8  zf_driver_uart.o [42]
  .bss               zero      0x802'ace8     0x8  zf_driver_uart.o [42]
  .bss               zero      0x802'acf0     0x4  cy_srom.o [24]
  .bss               zero      0x802'acf4     0x4  cy_srom.o [24]
  .bss               zero      0x802'acf8     0x4  cy_syslib.o [30]
  .bss               zero      0x802'acfc     0x4  Gyro.o [4]
  .bss               zero      0x802'ad00     0x4  Gyro.o [4]
  .bss               zero      0x802'ad04     0x4  Gyro.o [4]
  .bss               zero      0x802'ad08     0x4  Gyro.o [4]
  .bss               zero      0x802'ad0c     0x4  Gyro.o [4]
  .bss               zero      0x802'ad10     0x4  Gyro.o [4]
  .bss               zero      0x802'ad14     0x4  Gyro.o [4]
  .bss               zero      0x802'ad18     0x4  Gyro.o [4]
  .bss               zero      0x802'ad1c     0x4  Gyro.o [4]
  .bss               zero      0x802'ad20     0x4  Gyro.o [4]
  .bss               zero      0x802'ad24     0x4  Gyro.o [4]
  .bss               zero      0x802'ad28     0x4  Gyro.o [4]
  .bss               zero      0x802'ad2c     0x4  Gyro.o [4]
  .bss               zero      0x802'ad30     0x4  Gyro.o [4]
  .bss               zero      0x802'ad34     0x4  Gyro.o [4]
  .bss               zero      0x802'ad38     0x4  Gyro.o [4]
  .bss               zero      0x802'ad3c     0x4  Gyro.o [4]
  .bss               zero      0x802'ad40     0x4  Gyro.o [4]
  .bss               zero      0x802'ad44     0x4  Gyro.o [4]
  .bss               zero      0x802'ad48     0x4  Gyro.o [4]
  .bss               zero      0x802'ad4c     0x4  Gyro.o [4]
  .bss               zero      0x802'ad50     0x4  image.o [4]
  .bss               zero      0x802'ad54     0x4  image.o [4]
  .bss               zero      0x802'ad58     0x4  ins.o [4]
  .bss               zero      0x802'ad5c     0x4  ins.o [4]
  .bss               zero      0x802'ad60     0x4  ins.o [4]
  .bss               zero      0x802'ad64     0x4  motor.o [4]
  .bss               zero      0x802'ad68     0x4  motor.o [4]
  .bss               zero      0x802'ad6c     0x4  motor.o [4]
  .bss               zero      0x802'ad70     0x4  motor.o [4]
  .bss               zero      0x802'ad74     0x4  motor.o [4]
  .bss               zero      0x802'ad78     0x4  motor.o [4]
  .bss               zero      0x802'ad7c     0x4  motor.o [4]
  .bss               zero      0x802'ad80     0x4  system_tviibe4m_cm4.o [18]
  .bss               zero      0x802'ad84     0x4  system_tviibe4m_cm4.o [18]
  .bss               zero      0x802'ad88     0x4  system_tviibe4m_cm4.o [18]
  .bss               zero      0x802'ad8c     0x4  system_tviibe4m_cm4.o [18]
  .bss               zero      0x802'ad90     0x4  system_tviibe4m_cm4.o [18]
  .bss               zero      0x802'ad94     0x4  zf_common_clock.o [39]
  .bss               zero      0x802'ad98     0x4  zf_common_interrupt.o [39]
  .bss               zero      0x802'ad9c     0x4  zf_driver_encoder.o [42]
  .bss               zero      0x802'ada0     0x4  zf_driver_spi.o [42]
  .bss               zero      0x802'ada4     0x4  zf_driver_spi.o [42]
  .bss               zero      0x802'ada8     0x4  zf_driver_timer.o [42]
  .bss               zero      0x802'adac     0x4  zf_device_config_mt9v03x.o [47]
  .bss               zero      0x802'adb0     0x4  zf_device_config_mt9v03x.o [47]
  .bss               zero      0x802'adb4     0x4  zf_device_config_mt9v03x.o [47]
  .bss               zero      0x802'adb8     0x4  zf_device_config_mt9v03x.o [47]
  .bss               zero      0x802'adbc     0x4  zf_device_config_mt9v03x.o [47]
  .bss               zero      0x802'adc0     0x4  xfail_s.o [43]
  .bss               zero      0x802'adc4     0x2  enconder.o [4]
  .bss               zero      0x802'adc6     0x2  enconder.o [4]
  .bss               zero      0x802'adc8     0x2  enconder.o [4]
  .bss               zero      0x802'adca     0x2  enconder.o [4]
  .bss               zero      0x802'adcc     0x2  image.o [4]
  .bss               zero      0x802'adce     0x2  image.o [4]
  .bss               zero      0x802'add0     0x2  image.o [4]
  .bss               zero      0x802'add2     0x2  image.o [4]
  .bss               zero      0x802'add4     0x2  image.o [4]
  .bss               zero      0x802'add6     0x2  image.o [4]
  .bss               zero      0x802'add8     0x2  image.o [4]
  .bss               zero      0x802'adda     0x2  image.o [4]
  .bss               zero      0x802'addc     0x2  image.o [4]
  .bss               zero      0x802'adde     0x2  image.o [4]
  .bss               zero      0x802'ade0     0x2  image.o [4]
  .bss               zero      0x802'ade2     0x2  image.o [4]
  .bss               zero      0x802'ade4     0x2  image.o [4]
  .bss               zero      0x802'ade6     0x2  image.o [4]
  .bss               zero      0x802'ade8     0x2  image.o [4]
  .bss               zero      0x802'adea     0x2  image.o [4]
  .bss               zero      0x802'adec     0x2  image.o [4]
  .bss               zero      0x802'adee     0x2  image.o [4]
  .bss               zero      0x802'adf0     0x2  image.o [4]
  .bss               zero      0x802'adf2     0x2  image.o [4]
  .bss               zero      0x802'adf4     0x2  image.o [4]
  .bss               zero      0x802'adf6     0x2  ins.o [4]
  .bss               zero      0x802'adf8     0x2  ins.o [4]
  .bss               zero      0x802'adfa     0x2  motor.o [4]
  .bss               zero      0x802'adfc     0x2  pid.o [4]
  .bss               zero      0x802'adfe     0x2  pid.o [4]
  .bss               zero      0x802'ae00     0x2  zf_device_imu660ra.o [41]
  .bss               zero      0x802'ae02     0x2  zf_device_imu660ra.o [41]
  .bss               zero      0x802'ae04     0x2  zf_device_imu660ra.o [41]
  .bss               zero      0x802'ae06     0x2  zf_device_imu660ra.o [41]
  .bss               zero      0x802'ae08     0x2  zf_device_imu660ra.o [41]
  .bss               zero      0x802'ae0a     0x2  zf_device_imu660ra.o [41]
  .bss               zero      0x802'ae0c     0x1  cy_mw_flash.o [10]
  .bss               zero      0x802'ae0d     0x1  cy_mw_flash.o [10]
  .bss               zero      0x802'ae0e     0x1  cy_sysclk.o [27]
  .bss               zero      0x802'ae0f     0x1  Gyro.o [4]
  .bss               zero      0x802'ae10     0x1  image.o [4]
  .bss               zero      0x802'ae11     0x1  image.o [4]
  .bss               zero      0x802'ae12     0x1  image.o [4]
  .bss               zero      0x802'ae13     0x1  image.o [4]
  .bss               zero      0x802'ae14     0x1  ins.o [4]
  .bss               zero      0x802'ae15     0x1  ins.o [4]
  .bss               zero      0x802'ae16     0x1  ins.o [4]
  .bss               zero      0x802'ae17     0x1  ins.o [4]
  .bss               zero      0x802'ae18     0x1  ins.o [4]
  .bss               zero      0x802'ae19     0x1  motor.o [4]
  .bss               zero      0x802'ae1a     0x1  vofa_uart.o [4]
  .bss               zero      0x802'ae1b     0x1  zf_common_debug.o [39]
  .bss               zero      0x802'ae1c     0x1  zf_common_debug.o [39]
  .bss               zero      0x802'ae1d     0x1  zf_common_debug.o [39]
  .bss               zero      0x802'ae1e     0x1  zf_device_ips200.o [41]
  .bss               zero      0x802'ae1f     0x1  zf_device_ips200.o [41]
  .bss               zero      0x802'ae20     0x1  zf_device_mt9v03x.o [41]
  .bss               zero      0x802'ae21     0x1  zf_device_mt9v03x.o [41]
  .bss               zero      0x802'ae22     0x1  zf_device_type.o [41]
  .bss               zero      0x802'ae23     0x1  zf_device_wireless_uart.o [41]
  .bss               zero      0x802'ae24     0x1  zf_driver_flash.o [42]
                             - 0x802'ae25  0x7055

"P2", part 3 of 3:                           0x80
  .intvec_ram        uninit    0x802'b000    0x80  startup_cm4.o [25]
                             - 0x802'b080    0x80

"A1":                                      0x2000
  HEAP_STACK                   0x807'e000  0x2000  <Block>
    CSTACK                     0x807'e000  0x2000  <Block>
      CSTACK         uninit    0x807'e000  0x2000  <Block tail>
                             - 0x808'0000  0x2000

"A0":                                        0x80
  .intvec            ro code  0x1008'0000    0x80  startup_cm4.o [25]
                            - 0x1008'0080    0x80

"P1":                                      0xeb72
  .rodata            const    0x1008'0080  0x2000  zf_device_config.o [47]
  .text              ro code  0x1008'2080  0x1310  image.o [4]
  .text              ro code  0x1008'3390    0x66  ABImemset.o [45]
  .text              ro code  0x1008'33f6    0x7e  lz77_init_single.o [45]
  .text              ro code  0x1008'3474     0x6  ABImemclr4.o [45]
  .text              ro code  0x1008'347a     0xa  xsprout.o [43]
  .text              ro code  0x1008'3484    0x32  ABImemset48.o [45]
  .text              ro code  0x1008'34b8   0xd12  xprintflarge_nomb.o [43]
  .text              ro code  0x1008'41cc    0x16  strchr.o [45]
  .text              ro code  0x1008'41e4    0x40  xfail_s.o [43]
  .text              ro code  0x1008'4224    0x36  strlen.o [45]
  .text              ro code  0x1008'425c    0x58  memchr.o [45]
  .text              ro code  0x1008'42b4    0xa6  ABImemcpy.o [45]
  .text              ro code  0x1008'435c    0x70  frexp.o [44]
  .text              ro code  0x1008'43cc   0x246  DblDiv.o [44]
  .text              ro code  0x1008'4614    0x22  DblToU32.o [44]
  .text              ro code  0x1008'4638    0x1c  U32ToDbl.o [44]
  .text              ro code  0x1008'4654   0x25e  DblAddSub.o [44]
  .text              ro code  0x1008'48b4   0x1aa  DblMul.o [44]
  .text              ro code  0x1008'4a60   0x230  I64DivMod.o [45]
  .text              ro code  0x1008'4c90     0x6  abort.o [43]
  .text              ro code  0x1008'4c98     0x2  I64DivZer.o [45]
  .text              ro code  0x1008'4c9c    0x14  exit.o [46]
  .text              ro code  0x1008'4cb0   0xc28  zf_driver_spi.o [42]
  .text              ro code  0x1008'58d8   0x45c  zf_common_debug.o [39]
  .text              ro code  0x1008'5d34   0x198  cy_gpio.o [11]
  .text              ro code  0x1008'5ecc   0x1f0  cy_scb_spi.o [20]
  .text              ro code  0x1008'60bc   0x7f4  zf_driver_uart.o [42]
  .text              ro code  0x1008'68b0    0x40  sprintf.o [43]
  .text              ro code  0x1008'68f0   0x200  zf_common_fifo.o [39]
  .text              ro code  0x1008'6af0    0xe2  zf_common_interrupt.o [39]
  .text              ro code  0x1008'6bd4   0x314  cy_scb_uart.o [20]
  .text              ro code  0x1008'6ee8   0x66c  zf_driver_pwm.o [42]
  .text              ro code  0x1008'7554    0x5c  cy_sysint.o [29]
  .text              ro code  0x1008'75b0   0x20e  cy_tcpwm_pwm.o [36]
  .text              ro code  0x1008'77be     0xc  cy_tcpwm.o [36]
  .text              ro code  0x1008'77cc   0xb80  zf_device_ips200.o [41]
  .text              ro code  0x1008'834c   0x17c  zf_driver_gpio.o [42]
  .text              ro code  0x1008'84c8   0x220  zf_driver_delay.o [42]
  .text              ro code  0x1008'86e8   0x1c8  cy_tcpwm_counter.o [36]
  .text              ro code  0x1008'88b0   0x904  Gyro.o [4]
  .text              ro code  0x1008'91b4   0x258  zf_device_imu660ra.o [41]
  .text              ro code  0x1008'940c    0x6a  atan2f.o [44]
  .text              ro code  0x1008'9478    0x1e  sqrtf.o [44]
  .text              ro code  0x1008'9498    0x48  FltToDbl.o [44]
  .text              ro code  0x1008'94e0    0x1e  math_wrappers64.o [44]
  .text              ro code  0x1008'9500    0x68  DblToFlt.o [44]
  .text              ro code  0x1008'9568    0xa4  xatanf.o [44]
  .text              ro code  0x1008'960c   0x408  cos_sin64.o [44]
  .text              ro code  0x1008'9a14    0x34  DblCmpLe.o [44]
  .text              ro code  0x1008'9a48    0x36  DblToS32.o [44]
  .text              ro code  0x1008'9a80    0x22  S32ToDbl.o [44]
  .text              ro code  0x1008'9aa4   0x860  zf_device_config_mt9v03x.o [47]
  .text              ro code  0x1008'a304   0x5fc  zf_driver_soft_iic.o [42]
  .text              ro code  0x1008'a900   0x678  cy_sysclk.o [27]
  .text              ro code  0x1008'af78    0x70  strncpy.o [45]
  .text              ro code  0x1008'afe8    0xac  cy_syslib.o [30]
  .text              ro code  0x1008'b094     0x2  cy_syslib.o [30]
  .rodata            const    0x1008'b098   0x5f0  zf_common_font.o [39]
  .text              ro code  0x1008'b688   0x4d0  cy_flash.o [9]
  .text              ro code  0x1008'bb58   0x2ec  cy_srom.o [24]
  .text              ro code  0x1008'be44    0x60  cy_ipc_drv.o [12]
  .text              ro code  0x1008'bea4   0x3a4  zf_driver_encoder.o [42]
  .text              ro code  0x1008'c248     0x8  cy_tcpwm_quaddec.o [36]
  .text              ro code  0x1008'c250   0x354  motor.o [4]
  .text              ro code  0x1008'c5a4     0x8  abs.o [43]
  .text              ro code  0x1008'c5ac   0x332  pid.o [4]
  .text              ro code  0x1008'c8e0   0x2f8  zf_driver_pit.o [42]
  .text              ro code  0x1008'cbd8   0x2dc  cy_mw_flash.o [10]
  .text              ro code  0x1008'ceb4   0x284  zf_device_mt9v03x.o [41]
  .rodata            const    0x1008'd138   0x228  zf_common_font.o [39]
  .text              ro code  0x1008'd360   0x1f4  ins.o [4]
  .text              ro code  0x1008'd554    0x28  printf.o [43]
  .text              ro code  0x1008'd57c   0x1d8  zf_driver_flash.o [42]
  .text              ro code  0x1008'd754   0x1c8  zf_driver_timer.o [42]
  .text              ro code  0x1008'd91c   0x198  cy_interrupt_map.o [19]
  .text              ro code  0x1008'dab4   0x170  startup.o [25]
  .text              ro code  0x1008'dc24    0xec  system_tviibe4m_cm4.o [18]
  .text              ro code  0x1008'dd10     0x8  startup_cm4.o [25]
  .text              ro code  0x1008'dd18     0x6  startup_cm4.o [25]
  .text              ro code  0x1008'dd20   0x15c  cm4_isr.o [38]
  .text              ro code  0x1008'de7c    0xec  enconder.o [4]
  .text              ro code  0x1008'df68    0x74  zf_device_wireless_uart.o [41]
  .text              ro code  0x1008'dfdc    0x84  vofa_function.o [4]
  .text              ro code  0x1008'e060    0x28  zf_device_type.o [41]
  .text              ro code  0x1008'e088    0xd4  main_cm4.o [38]
  .text              ro code  0x1008'e15c    0x1c  zf_common_clock.o [39]
  .text              ro code  0x1008'e178    0xb4  key.o [4]
  .rodata            const    0x1008'e22c    0x58  cy_sysclk.o [27]
  .rodata            const    0x1008'e284    0x58  cy_sysclk.o [27]
  .rodata            const    0x1008'e2dc    0x58  system_tviibe4m_cm4.o [18]
  .rodata            const    0x1008'e334    0x54  cy_srom.o [24]
  .rodata            const    0x1008'e388    0x50  cy_mw_flash.o [10]
  .rodata            const    0x1008'e3d8    0x48  zf_device_imu660ra.o [41]
  .rodata            const    0x1008'e420    0x48  zf_device_ips200.o [41]
  .rodata            const    0x1008'e468    0x48  zf_driver_encoder.o [42]
  .rodata            const    0x1008'e4b0    0x48  zf_driver_flash.o [42]
  .rodata            const    0x1008'e4f8    0x48  zf_driver_soft_iic.o [42]
  .rodata            const    0x1008'e540    0x44  zf_common_fifo.o [39]
  .rodata            const    0x1008'e584    0x44  zf_driver_pwm.o [42]
  .rodata            const    0x1008'e5c8    0x44  zf_driver_spi.o [42]
  .rodata            const    0x1008'e60c    0x44  zf_driver_uart.o [42]
  .text              ro code  0x1008'e650    0x44  startup_cm4.o [25]
  .text              ro code  0x1008'e694    0x38  zero_init3.o [45]
  .rodata            const    0x1008'e6cc    0x28  zf_device_mt9v03x.o [41]
  .text              ro code  0x1008'e6f4    0x28  data_init.o [45]
  .text              ro code  0x1008'e71c    0x22  fpinit_M.o [44]
  .iar.init_table    const    0x1008'e740    0x20  - Linker created -
  .text              ro code  0x1008'e760    0x20  startup_cm4.o [25]
  .text              ro code  0x1008'e780    0x20  putchar.o [43]
  .text              ro code  0x1008'e7a0    0x1e  cy_syslib_iar.o [30]
  .text              ro code  0x1008'e7c0    0x1e  cmain.o [45]
  .text              ro code  0x1008'e7e0     0x4  startup_cm4.o [25]
  .text              ro code  0x1008'e7e4     0x4  exit.o [43]
  .text              ro code  0x1008'e7e8     0xa  cexit.o [45]
  .rodata            const    0x1008'e7f4    0x1c  zf_common_debug.o [39]
  .rodata            const    0x1008'e810    0x1c  zf_device_imu660ra.o [41]
  .text              ro code  0x1008'e82c    0x1c  startup_cm4.o [25]
  .text              ro code  0x1008'e848    0x1c  cstartup_M.o [45]
  .rodata            const    0x1008'e864    0x18  system_tviibe4m_cm4.o [18]
  .rodata            const    0x1008'e87c    0x18  zf_common_debug.o [39]
  .rodata            const    0x1008'e894    0x18  zf_device_imu660ra.o [41]
  .text              ro code  0x1008'e8ac    0x16  xprout.o [43]
  .rodata            const    0x1008'e8c4    0x14  cy_flash.o [9]
  .rodata            const    0x1008'e8d8    0x10  zf_common_debug.o [39]
  .rodata            const    0x1008'e8e8    0x10  zf_common_debug.o [39]
  .rodata            const    0x1008'e8f8     0xc  zf_common_debug.o [39]
  .rodata            const    0x1008'e904     0xc  zf_common_debug.o [39]
  .rodata            const    0x1008'e910     0xc  zf_common_debug.o [39]
  .text              ro code  0x1008'e91c     0xc  cy_syslib.o [30]
  .rodata            const    0x1008'e928     0x8  cy_mw_flash.o [10]
  .rodata            const    0x1008'e930     0x8  cy_srom.o [24]
  .rodata            const    0x1008'e938     0x8  ins.o [4]
  .rodata            const    0x1008'e940     0x8  startup.o [25]
  .rodata            const    0x1008'e948     0x4  cy_interrupt_map.o [19]
  .rodata            const    0x1008'e94c     0x4  cy_interrupt_map.o [19]
  .rodata            const    0x1008'e950     0x4  cy_interrupt_map.o [19]
  .rodata            const    0x1008'e954     0x4  cy_interrupt_map.o [19]
  .rodata            const    0x1008'e958     0x4  cy_interrupt_map.o [19]
  .rodata            const    0x1008'e95c     0x4  cy_interrupt_map.o [19]
  .rodata            const    0x1008'e960     0x4  cy_interrupt_map.o [19]
  .rodata            const    0x1008'e964     0x4  cy_interrupt_map.o [19]
  .rodata            const    0x1008'e968     0x4  cy_ipc_drv.o [12]
  .rodata            const    0x1008'e96c     0x4  cy_scb_spi.o [20]
  .rodata            const    0x1008'e970     0x4  cy_scb_spi.o [20]
  .rodata            const    0x1008'e974     0x4  cy_scb_spi.o [20]
  .rodata            const    0x1008'e978     0x4  cy_scb_spi.o [20]
  .rodata            const    0x1008'e97c     0x4  cy_scb_uart.o [20]
  .rodata            const    0x1008'e980     0x4  cy_scb_uart.o [20]
  .rodata            const    0x1008'e984     0x4  cy_scb_uart.o [20]
  .rodata            const    0x1008'e988     0x4  cy_scb_uart.o [20]
  .rodata            const    0x1008'e98c     0x4  cy_scb_uart.o [20]
  .rodata            const    0x1008'e990     0x4  cy_scb_uart.o [20]
  .rodata            const    0x1008'e994     0x4  cy_scb_uart.o [20]
  .rodata            const    0x1008'e998     0x4  cy_scb_uart.o [20]
  .rodata            const    0x1008'e99c     0x4  cy_scb_uart.o [20]
  .rodata            const    0x1008'e9a0     0x4  cy_scb_uart.o [20]
  .rodata            const    0x1008'e9a4     0x4  cy_srom.o [24]
  .rodata            const    0x1008'e9a8     0x4  cy_srom.o [24]
  .rodata            const    0x1008'e9ac     0x4  cy_sysint.o [29]
  .rodata            const    0x1008'e9b0     0x4  cy_tcpwm_counter.o [36]
  .rodata            const    0x1008'e9b4     0x4  cy_tcpwm_counter.o [36]
  .rodata            const    0x1008'e9b8     0x4  cy_tcpwm_counter.o [36]
  .rodata            const    0x1008'e9bc     0x4  cy_tcpwm_counter.o [36]
  .rodata            const    0x1008'e9c0     0x4  cy_tcpwm_counter.o [36]
  .rodata            const    0x1008'e9c4     0x4  cy_tcpwm_pwm.o [36]
  .rodata            const    0x1008'e9c8     0x4  cy_tcpwm_pwm.o [36]
  .rodata            const    0x1008'e9cc     0x4  cy_tcpwm_pwm.o [36]
  .rodata            const    0x1008'e9d0     0x4  cy_tcpwm_pwm.o [36]
  .rodata            const    0x1008'e9d4     0x4  cy_tcpwm_pwm.o [36]
  .rodata            const    0x1008'e9d8     0x4  cy_tcpwm_pwm.o [36]
  .rodata            const    0x1008'e9dc     0x4  cy_tcpwm_pwm.o [36]
  .text              ro code  0x1008'e9e0     0x4  startup_cm4.o [25]
  .text              ro code  0x1008'e9e4     0x4  startup_cm4.o [25]
  .text              ro code  0x1008'e9e8     0x4  startup_cm4.o [25]
  .text              ro code  0x1008'e9ec     0x4  startup_cm4.o [25]
  .text              ro code  0x1008'e9f0     0x4  startup_cm4.o [25]
  .text              ro code  0x1008'e9f4     0x4  startup_cm4.o [25]
  .text              ro code  0x1008'e9f8     0x4  startup_cm4.o [25]
  .text              ro code  0x1008'e9fc     0x4  startup_cm4.o [25]
  .text              ro code  0x1008'ea00     0x4  startup_cm4.o [25]
  .text              ro code  0x1008'ea04     0x4  startup_cm4.o [25]
  .text              ro code  0x1008'ea08     0x4  startup_cm4.o [25]
  .text              ro code  0x1008'ea0c     0x4  startup_cm4.o [25]
  .text              ro code  0x1008'ea10     0x4  startup_cm4.o [25]
  .text              ro code  0x1008'ea14     0x4  startup_cm4.o [25]
  .text              ro code  0x1008'ea18     0x4  startup_cm4.o [25]
  .rodata            const    0x1008'ea1c     0x0  zero_init3.o [45]
  .rodata            const    0x1008'ea1c     0x0  lz77_init_single.o [45]
  Initializer bytes  const    0x1008'ea1c   0x11c  <for P2-1>
                            - 0x1008'eb38  0xeab8

Unused ranges:

         From           To       Size
         ----           --       ----
   0x802'0000   0x802'0657      0x658
   0x802'3dcd   0x802'3dcf        0x3
   0x802'ae28   0x802'afff      0x1d8
   0x802'b080   0x807'dfff   0x5'2f80
  0x1008'ebf2  0x1040'ffff  0x38'140e


*******************************************************************************
*** INIT TABLE
***

          Address      Size
          -------      ----
Zero (__iar_zero_init3)
    1 destination range, total size 0x7055:
           0x802'3dd0  0x7055

Copy/lz77 (__iar_lz77_init_single3)
    1 source range, total size 0x11c (12% of destination):
          0x1008'ea1c   0x11c
    1 destination range, total size 0x895:
           0x802'3538   0x895



*******************************************************************************
*** MODULE SUMMARY
***

    Module                      ro code  ro data  rw data  rw data
                                                            (abs)
    ------                      -------  -------  -------  -------
command line/config:
    --------------------------------------------------------------
    Total:

D:\Develop\code\mini_smart_car\project\iar\Debug_m4\Obj\adc_11722776235721520015.dir: [1]
    --------------------------------------------------------------
    Total:

D:\Develop\code\mini_smart_car\project\iar\Debug_m4\Obj\button_4990804375159372270.dir: [2]
    --------------------------------------------------------------
    Total:

D:\Develop\code\mini_smart_car\project\iar\Debug_m4\Obj\canfd_1800690984773873875.dir: [3]
    --------------------------------------------------------------
    Total:

D:\Develop\code\mini_smart_car\project\iar\Debug_m4\Obj\code_17896468042025673432.dir: [4]
    Gyro.o                        2'308       12      177
    enconder.o                      236                 8
    image.o                       4'880       52   13'255
    ins.o                           500        9      502
    key.o                           180
    motor.o                         852                35
    pid.o                           818               364
    vofa_function.o                 132                60
    vofa_uart.o                                         1
    --------------------------------------------------------------
    Total:                        9'906       73   14'402

D:\Develop\code\mini_smart_car\project\iar\Debug_m4\Obj\cpu_15938736945165268644.dir: [5]
    --------------------------------------------------------------
    Total:

D:\Develop\code\mini_smart_car\project\iar\Debug_m4\Obj\crypto_1190170608956581615.dir: [6]
    --------------------------------------------------------------
    Total:

D:\Develop\code\mini_smart_car\project\iar\Debug_m4\Obj\dma_12106025507578611576.dir: [7]
    --------------------------------------------------------------
    Total:

D:\Develop\code\mini_smart_car\project\iar\Debug_m4\Obj\evtgen_3404189088603873129.dir: [8]
    --------------------------------------------------------------
    Total:

D:\Develop\code\mini_smart_car\project\iar\Debug_m4\Obj\flash_8529866181315662935.dir: [9]
    cy_flash.o                    1'232       20
    --------------------------------------------------------------
    Total:                        1'232       20

D:\Develop\code\mini_smart_car\project\iar\Debug_m4\Obj\flash_864493325053435817.dir: [10]
    cy_mw_flash.o                   732       88        2
    --------------------------------------------------------------
    Total:                          732       88        2

D:\Develop\code\mini_smart_car\project\iar\Debug_m4\Obj\gpio_3999404635324069351.dir: [11]
    cy_gpio.o                       408
    --------------------------------------------------------------
    Total:                          408

D:\Develop\code\mini_smart_car\project\iar\Debug_m4\Obj\ipc_10145506163450686023.dir: [12]
    cy_ipc_drv.o                     96        4
    --------------------------------------------------------------
    Total:                           96        4

D:\Develop\code\mini_smart_car\project\iar\Debug_m4\Obj\lin_18429031207028094880.dir: [13]
    --------------------------------------------------------------
    Total:

D:\Develop\code\mini_smart_car\project\iar\Debug_m4\Obj\lvd_6353935867039560245.dir: [14]
    --------------------------------------------------------------
    Total:

D:\Develop\code\mini_smart_car\project\iar\Debug_m4\Obj\mcwdt_4052485907822033969.dir: [15]
    --------------------------------------------------------------
    Total:

D:\Develop\code\mini_smart_car\project\iar\Debug_m4\Obj\mpu_5663187252346826382.dir: [16]
    --------------------------------------------------------------
    Total:

D:\Develop\code\mini_smart_car\project\iar\Debug_m4\Obj\prot_10722960861768657883.dir: [17]
    --------------------------------------------------------------
    Total:

D:\Develop\code\mini_smart_car\project\iar\Debug_m4\Obj\rev_b_4986922561640112550.dir: [18]
    system_tviibe4m_cm4.o           236      112       20
    --------------------------------------------------------------
    Total:                          236      112       20

D:\Develop\code\mini_smart_car\project\iar\Debug_m4\Obj\rev_b_6162237342861132223.dir: [19]
    cy_interrupt_map.o              408      230    1'536
    --------------------------------------------------------------
    Total:                          408      230    1'536

D:\Develop\code\mini_smart_car\project\iar\Debug_m4\Obj\scb_15490842639181808494.dir: [20]
    cy_scb_spi.o                    496       16
    cy_scb_uart.o                   788       40
    --------------------------------------------------------------
    Total:                        1'284       56

D:\Develop\code\mini_smart_car\project\iar\Debug_m4\Obj\semihosting_143864889731838620.dir: [21]
    --------------------------------------------------------------
    Total:

D:\Develop\code\mini_smart_car\project\iar\Debug_m4\Obj\smartio_5451710003740070188.dir: [22]
    --------------------------------------------------------------
    Total:

D:\Develop\code\mini_smart_car\project\iar\Debug_m4\Obj\smif_427648126384146252.dir: [23]
    --------------------------------------------------------------
    Total:

D:\Develop\code\mini_smart_car\project\iar\Debug_m4\Obj\srom_13018798572330080582.dir: [24]
    cy_srom.o                       748      100       24
    --------------------------------------------------------------
    Total:                          748      100       24

D:\Develop\code\mini_smart_car\project\iar\Debug_m4\Obj\startup_479057977785470282.dir: [25]
    startup.o                       368        8
    startup_cm4.o                   334               128
    --------------------------------------------------------------
    Total:                          702        8      128

D:\Develop\code\mini_smart_car\project\iar\Debug_m4\Obj\sw_timer_4215635015939382130.dir: [26]
    --------------------------------------------------------------
    Total:

D:\Develop\code\mini_smart_car\project\iar\Debug_m4\Obj\sysclk_16149231235676103872.dir: [27]
    cy_sysclk.o                   1'656      176       25
    --------------------------------------------------------------
    Total:                        1'656      176       25

D:\Develop\code\mini_smart_car\project\iar\Debug_m4\Obj\sysflt_12293435975120599261.dir: [28]
    --------------------------------------------------------------
    Total:

D:\Develop\code\mini_smart_car\project\iar\Debug_m4\Obj\sysint_7435970359207984181.dir: [29]
    cy_sysint.o                      92        4
    --------------------------------------------------------------
    Total:                           92        4

D:\Develop\code\mini_smart_car\project\iar\Debug_m4\Obj\syslib_16330585751512546975.dir: [30]
    cy_syslib.o                     186               140
    cy_syslib_iar.o                  30
    --------------------------------------------------------------
    Total:                          216               140

D:\Develop\code\mini_smart_car\project\iar\Debug_m4\Obj\syspm_10887939769544754770.dir: [31]
    --------------------------------------------------------------
    Total:

D:\Develop\code\mini_smart_car\project\iar\Debug_m4\Obj\sysreset_14586141425677365288.dir: [32]
    --------------------------------------------------------------
    Total:

D:\Develop\code\mini_smart_car\project\iar\Debug_m4\Obj\sysrtc_10747768817563771611.dir: [33]
    --------------------------------------------------------------
    Total:

D:\Develop\code\mini_smart_car\project\iar\Debug_m4\Obj\systick_16016591671695740695.dir: [34]
    --------------------------------------------------------------
    Total:

D:\Develop\code\mini_smart_car\project\iar\Debug_m4\Obj\syswdt_9118657615806274156.dir: [35]
    --------------------------------------------------------------
    Total:

D:\Develop\code\mini_smart_car\project\iar\Debug_m4\Obj\tcpwm_422923530147891246.dir: [36]
    cy_tcpwm.o                       12
    cy_tcpwm_counter.o              456       20
    cy_tcpwm_pwm.o                  526       28
    cy_tcpwm_quaddec.o                8
    --------------------------------------------------------------
    Total:                        1'002       48

D:\Develop\code\mini_smart_car\project\iar\Debug_m4\Obj\trigmux_9729677290734583340.dir: [37]
    --------------------------------------------------------------
    Total:

D:\Develop\code\mini_smart_car\project\iar\Debug_m4\Obj\user_8514941877209965082.dir: [38]
    cm4_isr.o                       348
    main_cm4.o                      212
    --------------------------------------------------------------
    Total:                          560

D:\Develop\code\mini_smart_car\project\iar\Debug_m4\Obj\zf_common_1201165462030747823.dir: [39]
    zf_common_clock.o                28                 4
    zf_common_debug.o             1'116      120      112
    zf_common_fifo.o                512       68
    zf_common_font.o                       2'072
    zf_common_interrupt.o           226                 4
    --------------------------------------------------------------
    Total:                        1'882    2'260      120

D:\Develop\code\mini_smart_car\project\iar\Debug_m4\Obj\zf_components_14936052685886095442.dir: [40]
    --------------------------------------------------------------
    Total:

D:\Develop\code\mini_smart_car\project\iar\Debug_m4\Obj\zf_device_6570275422786408770.dir: [41]
    zf_device_imu660ra.o            600      125       20
    zf_device_ips200.o            2'944       73       14
    zf_device_mt9v03x.o             644       40   12'002   12'004
    zf_device_type.o                 40        1        5
    zf_device_wireless_uart.o       116                89
    --------------------------------------------------------------
    Total:                        4'344      239   12'130   12'004

D:\Develop\code\mini_smart_car\project\iar\Debug_m4\Obj\zf_driver_11922370083829174090.dir: [42]
    zf_driver_delay.o               544        1        2
    zf_driver_encoder.o             932       74       24
    zf_driver_flash.o               472       72    2'049
    zf_driver_gpio.o                380
    zf_driver_pit.o                 760        8       60
    zf_driver_pwm.o               1'644       68
    zf_driver_soft_iic.o          1'532       72
    zf_driver_spi.o               3'112       70       24
    zf_driver_timer.o               456                 4
    zf_driver_uart.o              2'036       73      336
    --------------------------------------------------------------
    Total:                       11'868      438    2'499

dl7M_tln.a: [43]
    abort.o                           6
    abs.o                             8
    exit.o                            4
    printf.o                         40
    putchar.o                        32
    sprintf.o                        64
    xfail_s.o                        64                 4
    xprintflarge_nomb.o           3'346
    xprout.o                         22
    xsprout.o                        10
    --------------------------------------------------------------
    Total:                        3'596                 4

m7M_tls.a: [44]
    DblAddSub.o                     606
    DblCmpLe.o                       52
    DblDiv.o                        582
    DblMul.o                        426
    DblToFlt.o                      104
    DblToS32.o                       54
    DblToU32.o                       34
    FltToDbl.o                       72
    S32ToDbl.o                       34
    U32ToDbl.o                       28
    atan2f.o                        106
    cos_sin64.o                   1'032
    fpinit_M.o                       34
    frexp.o                         112
    math_wrappers64.o                30
    sqrtf.o                          30
    xatanf.o                        164
    --------------------------------------------------------------
    Total:                        3'500

rt7M_tl.a: [45]
    ABImemclr4.o                      6
    ABImemcpy.o                     166
    ABImemset.o                     102
    ABImemset48.o                    50
    I64DivMod.o                     560
    I64DivZer.o                       2
    cexit.o                          10
    cmain.o                          30
    cstartup_M.o                     28
    data_init.o                      40
    lz77_init_single.o              126
    memchr.o                         88
    strchr.o                         22
    strlen.o                         54
    strncpy.o                       112
    zero_init3.o                     56
    --------------------------------------------------------------
    Total:                        1'452

shb_l.a: [46]
    exit.o                           20
    --------------------------------------------------------------
    Total:                           20

zf_device_config.a: [47]
    zf_device_config.o                     8'192
    zf_device_config_mt9v03x.o    2'144                36
    --------------------------------------------------------------
    Total:                        2'144    8'192       36

    Gaps                             44        8       16
    Linker created                            32    8'192
------------------------------------------------------------------
    Grand Total:                 48'128   12'088   39'274   12'004


*******************************************************************************
*** ENTRY LIST
***

Entry                       Address    Size  Type      Object
-----                       -------    ----  ----      ------
.iar.init_table$$Base   0x1008'e740           --   Gb  - Linker created -
.iar.init_table$$Limit  0x1008'e760           --   Gb  - Linker created -
?main                   0x1008'e7c1          Code  Gb  cmain.o [45]
Abs                     0x1008'c8d3     0xc  Code  Gb  pid.o [4]
Add_Line                0x1008'30b1    0xda  Code  Gb  image.o [4]
Add_left_Line           0x1008'3195    0xda  Code  Gb  image.o [4]
Add_right_Line          0x1008'3275    0xda  Code  Gb  image.o [4]
Angle_PID               0x1008'c889    0x4a  Code  Gb  pid.o [4]
Angular_V               0x1008'c7f1    0x56  Code  Gb  pid.o [4]
Angular_pid              0x802'ab4c    0x3c  Data  Gb  pid.o [4]
Benzene_turn_flag_down   0x802'add6     0x2  Data  Gb  image.o [4]
Benzene_turn_flag_left   0x802'addc     0x2  Data  Gb  image.o [4]
Benzene_turn_flag_right
                         0x802'ade0     0x2  Data  Gb  image.o [4]
Benzene_turn_flag_up     0x802'add0     0x2  Data  Gb  image.o [4]
Benzene_turn_point_down1
                         0x802'add8     0x2  Data  Gb  image.o [4]
Benzene_turn_point_down2
                         0x802'adda     0x2  Data  Gb  image.o [4]
Benzene_turn_point_left1
                         0x802'adde     0x2  Data  Gb  image.o [4]
Benzene_turn_point_right1
                         0x802'ade2     0x2  Data  Gb  image.o [4]
Benzene_turn_point_up1   0x802'add2     0x2  Data  Gb  image.o [4]
Benzene_turn_point_up2   0x802'add4     0x2  Data  Gb  image.o [4]
BusFault_Handler        0x1008'e9e9          Code  Wk  startup_cm4.o [25]
CSTACK$$Base             0x807'e000           --   Gb  - Linker created -
CSTACK$$Limit            0x808'0000           --   Gb  - Linker created -
CopyVectorTable         0x1008'dbd5    0x34  Code  Lc  startup.o [25]
CpuUserInt0_Handler     0x1008'd93b    0x26  Code  Gb  cy_interrupt_map.o [19]
CpuUserInt10_Handler    0x1008'ea05          Code  Wk  startup_cm4.o [25]
CpuUserInt11_Handler    0x1008'ea09          Code  Wk  startup_cm4.o [25]
CpuUserInt12_Handler    0x1008'ea0d          Code  Wk  startup_cm4.o [25]
CpuUserInt13_Handler    0x1008'ea11          Code  Wk  startup_cm4.o [25]
CpuUserInt14_Handler    0x1008'ea15          Code  Wk  startup_cm4.o [25]
CpuUserInt15_Handler    0x1008'ea19          Code  Wk  startup_cm4.o [25]
CpuUserInt1_Handler     0x1008'd961    0x26  Code  Gb  cy_interrupt_map.o [19]
CpuUserInt2_Handler     0x1008'd987    0x26  Code  Gb  cy_interrupt_map.o [19]
CpuUserInt3_Handler     0x1008'd9ad    0x26  Code  Gb  cy_interrupt_map.o [19]
CpuUserInt4_Handler     0x1008'd9d3    0x26  Code  Gb  cy_interrupt_map.o [19]
CpuUserInt5_Handler     0x1008'd9f9    0x26  Code  Gb  cy_interrupt_map.o [19]
CpuUserInt6_Handler     0x1008'da1f    0x26  Code  Gb  cy_interrupt_map.o [19]
CpuUserInt7_Handler     0x1008'da45    0x26  Code  Gb  cy_interrupt_map.o [19]
CpuUserInt8_Handler     0x1008'e9fd          Code  Wk  startup_cm4.o [25]
CpuUserInt9_Handler     0x1008'ea01          Code  Wk  startup_cm4.o [25]
Cy_DefaultUserHandler   0x1008'd939     0x2  Code  Gb  cy_interrupt_map.o [19]
Cy_FlashHandler         0x1008'cc4b    0x34  Code  Lc  cy_mw_flash.o [10]
Cy_FlashInit            0x1008'cc7f    0x3c  Code  Gb  cy_mw_flash.o [10]
Cy_FlashSectorErase     0x1008'ccbb    0x7e  Code  Gb  cy_mw_flash.o [10]
Cy_FlashWriteWork       0x1008'cdc5    0xbc  Code  Gb  cy_mw_flash.o [10]
Cy_Flash_BlankCheck     0x1008'ba37    0xb4  Code  Gb  cy_flash.o [9]
Cy_Flash_BoundsCheck    0x1008'b8e5    0x24  Code  Gb  cy_flash.o [9]
Cy_Flash_CallSromApiForFlashWrite
                        0x1008'b6bd    0x6a  Code  Lc  cy_flash.o [9]
Cy_Flash_EraseSector    0x1008'b9c7    0x70  Code  Gb  cy_flash.o [9]
Cy_Flash_IsWorkSmallSector
                        0x1008'b83b    0x40  Code  Gb  cy_flash.o [9]
Cy_Flash_MainBoundsCheck
                        0x1008'b87b    0x6a  Code  Gb  cy_flash.o [9]
Cy_Flash_ProcessOpcode  0x1008'b909    0xbe  Code  Gb  cy_flash.o [9]
Cy_Flash_ProgramRow     0x1008'b727    0xaa  Code  Gb  cy_flash.o [9]
Cy_Flash_WorkBoundsCheck
                        0x1008'b7d1    0x6a  Code  Gb  cy_flash.o [9]
Cy_Flashc_GetMainBankMode
                        0x1008'b699    0x10  Code  Lc  cy_flash.o [9]
Cy_Flashc_GetWorkBankMode
                        0x1008'b689    0x10  Code  Lc  cy_flash.o [9]
Cy_Flashc_InvalidateFlashCacheBuffer
                        0x1008'b6a9    0x14  Code  Lc  cy_flash.o [9]
Cy_Flashc_InvalidateFlashCacheBuffer
                        0x1008'cc1f    0x14  Code  Lc  cy_mw_flash.o [10]
Cy_Flashc_MainWriteEnable
                        0x1008'cc33     0xc  Code  Lc  cy_mw_flash.o [10]
Cy_Flashc_WorkWriteEnable
                        0x1008'cc3f     0xc  Code  Lc  cy_mw_flash.o [10]
Cy_GPIO_ClearInterrupt  0x1008'5e07     0xe  Code  Lc  cy_gpio.o [11]
Cy_GPIO_Clr             0x1008'8361     0xa  Code  Lc  zf_driver_gpio.o [42]
Cy_GPIO_Pin_Init        0x1008'5e4b    0x74  Code  Gb  cy_gpio.o [11]
Cy_GPIO_Read            0x1008'834d     0xa  Code  Lc  zf_driver_gpio.o [42]
Cy_GPIO_Set             0x1008'8357     0xa  Code  Lc  zf_driver_gpio.o [42]
Cy_GPIO_Set             0x1008'61f3     0xa  Code  Lc  zf_driver_uart.o [42]
Cy_GPIO_SetDriveSel     0x1008'5de9    0x1e  Code  Lc  cy_gpio.o [11]
Cy_GPIO_SetDrivemode    0x1008'5d99    0x1c  Code  Lc  cy_gpio.o [11]
Cy_GPIO_SetDrivemode    0x1008'836b    0x1c  Code  Lc  zf_driver_gpio.o [42]
Cy_GPIO_SetHSIOM        0x1008'5d35    0x4c  Code  Lc  cy_gpio.o [11]
Cy_GPIO_SetInterruptEdge
                        0x1008'5e2f    0x1c  Code  Lc  cy_gpio.o [11]
Cy_GPIO_SetInterruptMask
                        0x1008'5e15    0x1a  Code  Lc  cy_gpio.o [11]
Cy_GPIO_SetSlewRate     0x1008'5dcf    0x1a  Code  Lc  cy_gpio.o [11]
Cy_GPIO_SetVtrip        0x1008'5db5    0x1a  Code  Lc  cy_gpio.o [11]
Cy_GPIO_Write           0x1008'5d81    0x18  Code  Lc  cy_gpio.o [11]
Cy_IPC_Drv_AcquireNotify
                        0x1008'be45     0xc  Code  Lc  cy_ipc_drv.o [12]
Cy_IPC_Drv_ClearInterrupt
                        0x1008'bba3    0x14  Code  Lc  cy_srom.o [24]
Cy_IPC_Drv_GetInterruptStatusMasked
                        0x1008'bb9f     0x4  Code  Lc  cy_srom.o [24]
Cy_IPC_Drv_GetIntrBaseAddr
                        0x1008'bb59    0x34  Code  Lc  cy_srom.o [24]
Cy_IPC_Drv_IsLockAcquired
                        0x1008'bbb7     0x8  Code  Lc  cy_srom.o [24]
Cy_IPC_Drv_LockAcquire  0x1008'be59    0x10  Code  Gb  cy_ipc_drv.o [12]
Cy_IPC_Drv_SendMsgWord_2
                        0x1008'be69    0x34  Code  Gb  cy_ipc_drv.o [12]
Cy_IPC_Drv_SetInterruptMask
                        0x1008'bb8d    0x12  Code  Lc  cy_srom.o [24]
Cy_IPC_Drv_WriteData1Value
                        0x1008'be55     0x4  Code  Lc  cy_ipc_drv.o [12]
Cy_IPC_Drv_WriteDataValue
                        0x1008'be51     0x4  Code  Lc  cy_ipc_drv.o [12]
Cy_RestoreIRQ           0x1008'dd19          Code  Gb  startup_cm4.o [25]
Cy_SCB_ClearRxFifo      0x1008'4cbb    0x1e  Code  Lc  zf_driver_spi.o [42]
Cy_SCB_ClearRxInterrupt
                        0x1008'6255     0xa  Code  Lc  zf_driver_uart.o [42]
Cy_SCB_ClearTxInterrupt
                        0x1008'626b     0xa  Code  Lc  zf_driver_uart.o [42]
Cy_SCB_GetFifoSize      0x1008'4d15    0x12  Code  Lc  zf_driver_spi.o [42]
Cy_SCB_GetNumInRxFifo   0x1008'4cb1     0xa  Code  Lc  zf_driver_spi.o [42]
Cy_SCB_GetNumInRxFifo   0x1008'6203     0xa  Code  Lc  zf_driver_uart.o [42]
Cy_SCB_GetNumInTxFifo   0x1008'4cdf     0xa  Code  Lc  zf_driver_spi.o [42]
Cy_SCB_GetNumInTxFifo   0x1008'6213     0xa  Code  Lc  zf_driver_uart.o [42]
Cy_SCB_GetRxInterruptMask
                        0x1008'624f     0x6  Code  Lc  zf_driver_uart.o [42]
Cy_SCB_GetTxInterruptMask
                        0x1008'6265     0x6  Code  Lc  zf_driver_uart.o [42]
Cy_SCB_GetTxSrValid     0x1008'4ce9     0xa  Code  Lc  zf_driver_spi.o [42]
Cy_SCB_GetTxSrValid     0x1008'621d     0xa  Code  Lc  zf_driver_uart.o [42]
Cy_SCB_IsTxComplete     0x1008'4cf3    0x22  Code  Lc  zf_driver_spi.o [42]
Cy_SCB_IsTxComplete     0x1008'6227    0x22  Code  Lc  zf_driver_uart.o [42]
Cy_SCB_ReadRxFifo       0x1008'61fd     0x6  Code  Lc  zf_driver_uart.o [42]
Cy_SCB_SPI_ClearRxFifo  0x1008'4d45     0x8  Code  Lc  zf_driver_spi.o [42]
Cy_SCB_SPI_Enable       0x1008'4d27     0xa  Code  Lc  zf_driver_spi.o [42]
Cy_SCB_SPI_GetNumInRxFifo
                        0x1008'4d3d     0x8  Code  Lc  zf_driver_spi.o [42]
Cy_SCB_SPI_Init         0x1008'5ecd   0x1d8  Code  Gb  cy_scb_spi.o [20]
Cy_SCB_SPI_SetActiveSlaveSelect
                        0x1008'4d31     0xc  Code  Lc  zf_driver_spi.o [42]
Cy_SCB_SetRxInterruptMask
                        0x1008'6249     0x6  Code  Lc  zf_driver_uart.o [42]
Cy_SCB_SetTxInterruptMask
                        0x1008'625f     0x6  Code  Lc  zf_driver_uart.o [42]
Cy_SCB_UART_DeInit      0x1008'6e59    0x5c  Code  Gb  cy_scb_uart.o [20]
Cy_SCB_UART_Enable      0x1008'6275     0xa  Code  Lc  zf_driver_uart.o [42]
Cy_SCB_UART_Init        0x1008'6bd5   0x284  Code  Gb  cy_scb_uart.o [20]
Cy_SCB_WriteTxFifo      0x1008'4cd9     0x6  Code  Lc  zf_driver_spi.o [42]
Cy_SCB_WriteTxFifo      0x1008'620d     0x6  Code  Lc  zf_driver_uart.o [42]
Cy_SaveIRQ              0x1008'dd11          Code  Gb  startup_cm4.o [25]
Cy_Srom_CallApi         0x1008'bbbf    0xb8  Code  Gb  cy_srom.o [24]
Cy_Srom_CallApi_NonBlock
                        0x1008'bc77    0x66  Code  Gb  cy_srom.o [24]
Cy_Srom_ConvertRespToStatus
                        0x1008'bd43    0x1e  Code  Gb  cy_srom.o [24]
Cy_Srom_GetApiResponse  0x1008'bd0d    0x36  Code  Gb  cy_srom.o [24]
Cy_Srom_GetResponseType
                        0x1008'bcdd    0x30  Code  Gb  cy_srom.o [24]
Cy_Srom_ISR_ResponseIPC
                        0x1008'bdbd    0x58  Code  Lc  cy_srom.o [24]
Cy_Srom_SetResponseHandler
                        0x1008'bd61    0x5a  Code  Gb  cy_srom.o [24]
Cy_SysClk_CheckDividerExisting
                        0x1008'ceb5    0x34  Code  Lc  zf_device_mt9v03x.o [41]
Cy_SysClk_CheckDividerExisting
                        0x1008'84c9    0x34  Code  Lc  zf_driver_delay.o [42]
Cy_SysClk_CheckDividerExisting
                        0x1008'bea5    0x34  Code  Lc  zf_driver_encoder.o [42]
Cy_SysClk_CheckDividerExisting
                        0x1008'c8e1    0x34  Code  Lc  zf_driver_pit.o [42]
Cy_SysClk_CheckDividerExisting
                        0x1008'6ee9    0x34  Code  Lc  zf_driver_pwm.o [42]
Cy_SysClk_CheckDividerExisting
                        0x1008'4d4d    0x34  Code  Lc  zf_driver_spi.o [42]
Cy_SysClk_CheckDividerExisting
                        0x1008'd755    0x34  Code  Lc  zf_driver_timer.o [42]
Cy_SysClk_CheckDividerExisting
                        0x1008'60bd    0x34  Code  Lc  zf_driver_uart.o [42]
Cy_SysClk_ClkPathGetSource
                        0x1008'aa17    0x54  Code  Gb  cy_sysclk.o [27]
Cy_SysClk_EcoGetStatus  0x1008'a901    0x1a  Code  Lc  cy_sysclk.o [27]
Cy_SysClk_FastClkGetDivider
                        0x1008'aa0b     0xc  Code  Lc  cy_sysclk.o [27]
Cy_SysClk_FllGetConfiguration
                        0x1008'aa6b    0x7e  Code  Gb  cy_sysclk.o [27]
Cy_SysClk_FllGetLockStatus
                        0x1008'a91b     0xc  Code  Lc  cy_sysclk.o [27]
Cy_SysClk_GetCoreFrequency
                        0x1008'af4b     0x8  Code  Gb  cy_sysclk.o [27]
Cy_SysClk_GetEcoFrequency
                        0x1008'abb5    0x32  Code  Gb  cy_sysclk.o [27]
Cy_SysClk_GetExtFrequency
                        0x1008'abe9    0x1e  Code  Gb  cy_sysclk.o [27]
Cy_SysClk_GetFastFrequency
                        0x1008'af1d    0x2e  Code  Gb  cy_sysclk.o [27]
Cy_SysClk_GetFllInputFrequency
                        0x1008'ad11     0xc  Code  Gb  cy_sysclk.o [27]
Cy_SysClk_GetFllOutputFrequency
                        0x1008'ad39    0x78  Code  Gb  cy_sysclk.o [27]
Cy_SysClk_GetHfClkFrequency
                        0x1008'aea3    0x7a  Code  Gb  cy_sysclk.o [27]
Cy_SysClk_GetIlo0Frequency
                        0x1008'ac09    0x32  Code  Gb  cy_sysclk.o [27]
Cy_SysClk_GetIlo1Frequency
                        0x1008'ac3b    0x32  Code  Gb  cy_sysclk.o [27]
Cy_SysClk_GetImoFrequency
                        0x1008'ab83    0x32  Code  Gb  cy_sysclk.o [27]
Cy_SysClk_GetPathFrequency
                        0x1008'ae71    0x32  Code  Gb  cy_sysclk.o [27]
Cy_SysClk_GetPathSourceFrequency
                        0x1008'acad    0x64  Code  Gb  cy_sysclk.o [27]
Cy_SysClk_GetPllInputFrequency
                        0x1008'ad1d    0x1c  Code  Gb  cy_sysclk.o [27]
Cy_SysClk_GetPllNo      0x1008'a929    0x14  Code  Lc  cy_sysclk.o [27]
Cy_SysClk_GetPllOutputFrequency
                        0x1008'adb1    0xba  Code  Gb  cy_sysclk.o [27]
Cy_SysClk_GetWcoFrequency
                        0x1008'ac6d    0x32  Code  Gb  cy_sysclk.o [27]
Cy_SysClk_HfClockGetDivider
                        0x1008'a9c9    0x42  Code  Lc  cy_sysclk.o [27]
Cy_SysClk_HfClockGetSource
                        0x1008'a975    0x54  Code  Lc  cy_sysclk.o [27]
Cy_SysClk_InitGetFreqParams
                        0x1008'ab69    0x1a  Code  Gb  cy_sysclk.o [27]
Cy_SysClk_PeriphAssignDivider
                        0x1008'cf4f    0x38  Code  Lc  zf_device_mt9v03x.o [41]
Cy_SysClk_PeriphAssignDivider
                        0x1008'8563    0x38  Code  Lc  zf_driver_delay.o [42]
Cy_SysClk_PeriphAssignDivider
                        0x1008'bf43    0x3a  Code  Lc  zf_driver_encoder.o [42]
Cy_SysClk_PeriphAssignDivider
                        0x1008'c97b    0x38  Code  Lc  zf_driver_pit.o [42]
Cy_SysClk_PeriphAssignDivider
                        0x1008'6f87    0x3a  Code  Lc  zf_driver_pwm.o [42]
Cy_SysClk_PeriphAssignDivider
                        0x1008'4e0d    0x3a  Code  Lc  zf_driver_spi.o [42]
Cy_SysClk_PeriphAssignDivider
                        0x1008'd7ef    0x38  Code  Lc  zf_driver_timer.o [42]
Cy_SysClk_PeriphAssignDivider
                        0x1008'617d    0x3a  Code  Lc  zf_driver_uart.o [42]
Cy_SysClk_PeriphEnableDivider
                        0x1008'cf87    0x3a  Code  Lc  zf_device_mt9v03x.o [41]
Cy_SysClk_PeriphEnableDivider
                        0x1008'859b    0x3a  Code  Lc  zf_driver_delay.o [42]
Cy_SysClk_PeriphEnableDivider
                        0x1008'bf7d    0x3c  Code  Lc  zf_driver_encoder.o [42]
Cy_SysClk_PeriphEnableDivider
                        0x1008'c9b3    0x3a  Code  Lc  zf_driver_pit.o [42]
Cy_SysClk_PeriphEnableDivider
                        0x1008'6fc1    0x3c  Code  Lc  zf_driver_pwm.o [42]
Cy_SysClk_PeriphEnableDivider
                        0x1008'4e47    0x3c  Code  Lc  zf_driver_spi.o [42]
Cy_SysClk_PeriphEnableDivider
                        0x1008'd827    0x3a  Code  Lc  zf_driver_timer.o [42]
Cy_SysClk_PeriphEnableDivider
                        0x1008'61b7    0x3c  Code  Lc  zf_driver_uart.o [42]
Cy_SysClk_PeriphSetDivider
                        0x1008'cee9    0x66  Code  Lc  zf_device_mt9v03x.o [41]
Cy_SysClk_PeriphSetDivider
                        0x1008'84fd    0x66  Code  Lc  zf_driver_delay.o [42]
Cy_SysClk_PeriphSetDivider
                        0x1008'bed9    0x6a  Code  Lc  zf_driver_encoder.o [42]
Cy_SysClk_PeriphSetDivider
                        0x1008'c915    0x66  Code  Lc  zf_driver_pit.o [42]
Cy_SysClk_PeriphSetDivider
                        0x1008'6f1d    0x6a  Code  Lc  zf_driver_pwm.o [42]
Cy_SysClk_PeriphSetDivider
                        0x1008'd789    0x66  Code  Lc  zf_driver_timer.o [42]
Cy_SysClk_PeriphSetFracDivider
                        0x1008'4d81    0x8c  Code  Lc  zf_driver_spi.o [42]
Cy_SysClk_PeriphSetFracDivider
                        0x1008'60f1    0x8c  Code  Lc  zf_driver_uart.o [42]
Cy_SysClk_PllGetConfiguration
                        0x1008'aafd    0x48  Code  Gb  cy_sysclk.o [27]
Cy_SysClk_PllGetLockStatus
                        0x1008'a93d    0x28  Code  Lc  cy_sysclk.o [27]
Cy_SysClk_WcoOkay       0x1008'a965     0xe  Code  Lc  cy_sysclk.o [27]
Cy_SysInt_InitIRQ       0x1008'7555    0x38  Code  Gb  cy_sysint.o [29]
Cy_SysInt_SetSystemIrqVector
                        0x1008'758d    0x12  Code  Gb  cy_sysint.o [29]
Cy_SysInt_SystemIrqUserTableRamPointer
                         0x802'3b34     0x4  Data  Gb  cy_interrupt_map.o [19]
Cy_SysLib_CleanCoreDCacheByAddr
                        0x1008'b093     0x2  Code  Gb  cy_syslib.o [30]
Cy_SysLib_DelayCycles   0x1008'e7a1          Code  Gb  cy_syslib_iar.o [30]
Cy_SysLib_EnterCriticalSection
                        0x1008'e7b1          Code  Gb  cy_syslib_iar.o [30]
Cy_SysLib_ExitCriticalSection
                        0x1008'e7b9          Code  Gb  cy_syslib_iar.o [30]
Cy_SysLib_FaultHandler  0x1008'afed    0x90  Code  Gb  cy_syslib.o [30]
Cy_SysLib_Halt          0x1008'afe9     0x4  Code  Gb  cy_syslib.o [30]
Cy_SysLib_InvalidateCoreDCacheByAddr
                        0x1008'b091     0x2  Code  Gb  cy_syslib.o [30]
Cy_SysLib_ProcessingFault
                        0x1008'b095     0x2  Code  Wk  cy_syslib.o [30]
Cy_SysLib_SvcHandler    0x1008'e91d     0xc  Code  Wk  cy_syslib.o [30]
Cy_SystemInitFpuEnable  0x1008'dcc1    0x1e  Code  Gb  system_tviibe4m_cm4.o [18]
Cy_SystemIrqUserTable    0x802'3538   0x5fc  Data  Gb  cy_interrupt_map.o [19]
Cy_Tcpwm_Counter_ClearTC_Intr
                        0x1008'88a1    0x10  Code  Gb  cy_tcpwm_counter.o [36]
Cy_Tcpwm_Counter_Disable
                        0x1008'8883     0xa  Code  Gb  cy_tcpwm_counter.o [36]
Cy_Tcpwm_Counter_Enable
                        0x1008'8879     0xa  Code  Gb  cy_tcpwm_counter.o [36]
Cy_Tcpwm_Counter_GetCounter
                        0x1008'8891     0x4  Code  Gb  cy_tcpwm_counter.o [36]
Cy_Tcpwm_Counter_Init   0x1008'86e9   0x17c  Code  Gb  cy_tcpwm_counter.o [36]
Cy_Tcpwm_Counter_SetCounter
                        0x1008'888d     0x4  Code  Gb  cy_tcpwm_counter.o [36]
Cy_Tcpwm_Counter_SetTC_IntrMask
                        0x1008'8895     0xc  Code  Gb  cy_tcpwm_counter.o [36]
Cy_Tcpwm_Pwm_Enable     0x1008'77b5     0xa  Code  Gb  cy_tcpwm_pwm.o [36]
Cy_Tcpwm_Pwm_Init       0x1008'75b1   0x1e8  Code  Gb  cy_tcpwm_pwm.o [36]
Cy_Tcpwm_QuadDec_GetCounter
                        0x1008'c24d     0x4  Code  Gb  cy_tcpwm_quaddec.o [36]
Cy_Tcpwm_QuadDec_SetCounter
                        0x1008'c249     0x4  Code  Gb  cy_tcpwm_quaddec.o [36]
Cy_Tcpwm_TriggerStart   0x1008'77bf     0xc  Code  Gb  cy_tcpwm.o [36]
Cy_WorkFlashBlankCheck  0x1008'cd39    0x8c  Code  Gb  cy_mw_flash.o [10]
Cy_u32StartupStackEndAddress
                        0x1008'e690          Data  Gb  startup_cm4.o [25]
Cy_u32StartupStackStartAddress
                        0x1008'e68c          Data  Gb  startup_cm4.o [25]
DebugMon_Handler        0x1008'e9f1          Code  Wk  startup_cm4.o [25]
GetContinuousZAngle     0x1008'90d1     0xe  Code  Gb  Gyro.o [4]
GetCurrentYaw           0x1008'90ed    0x12  Code  Gb  Gyro.o [4]
GetFusedZAngle          0x1008'8cfd   0x36c  Code  Gb  Gyro.o [4]
Get_conder              0x1008'dea1    0xa6  Code  Gb  enconder.o [4]
GyroOn                   0x802'3b38     0x4  Data  Gb  Gyro.o [4]
GyroResolve             0x1008'90ff    0x16  Code  Gb  Gyro.o [4]
HEAP_STACK$$Base         0x807'e000           --   Gb  - Linker created -
HEAP_STACK$$Limit        0x808'0000           --   Gb  - Linker created -
HardFault_Handler       0x1008'e761          Code  Wk  startup_cm4.o [25]
IMUupdate               0x1008'8aad   0x24a  Code  Gb  Gyro.o [4]
Image_Binarization      0x1008'219f    0xb2  Code  Gb  image.o [4]
IncrementalPID_L        0x1008'c611    0xb8  Code  Gb  pid.o [4]
IncrementalPID_R        0x1008'c6c9    0xb8  Code  Gb  pid.o [4]
InitRamEcc              0x1008'dac5    0xfe  Code  Lc  startup.o [25]
InitRamEccClearArea     0x1008'dbc3    0x12  Code  Lc  startup.o [25]
JustFloat_Data           0x802'ac00    0x24  Data  Gb  vofa_function.o [4]
KEY_INIT                0x1008'e179    0x34  Code  Gb  key.o [4]
KFP_height_1             0x802'3b3c    0x18  Data  Gb  Gyro.o [4]
KFP_height_2             0x802'3b54    0x18  Data  Gb  Gyro.o [4]
KFP_height_3             0x802'3b6c    0x18  Data  Gb  Gyro.o [4]
Key_Get                 0x1008'e1ad    0x80  Code  Gb  key.o [4]
MemManage_Handler       0x1008'e9e5          Code  Wk  startup_cm4.o [25]
NMI_Handler             0x1008'e9e1          Code  Wk  startup_cm4.o [25]
PID_Init                0x1008'c5ad    0x64  Code  Gb  pid.o [4]
PendSV_Handler          0x1008'e9f5          Code  Wk  startup_cm4.o [25]
Region$$Table$$Base     0x1008'e740           --   Gb  - Linker created -
Region$$Table$$Limit    0x1008'e760           --   Gb  - Linker created -
ResetYawZero            0x1008'90df     0xe  Code  Gb  Gyro.o [4]
Reset_Handler           0x1008'e651          Code  Wk  startup_cm4.o [25]
SVC_Handler             0x1008'e82d          Code  Wk  startup_cm4.o [25]
Speed_Strategy          0x1008'c32d    0x7e  Code  Gb  motor.o [4]
Startup_Init            0x1008'dab5    0x10  Code  Gb  startup.o [25]
SysTick_Handler         0x1008'e9f9          Code  Wk  startup_cm4.o [25]
SystemCoreClock          0x802'ad80     0x4  Data  Gb  system_tviibe4m_cm4.o [18]
SystemCoreClockUpdate   0x1008'dc2d    0x94  Code  Gb  system_tviibe4m_cm4.o [18]
SystemInit              0x1008'dc25     0x8  Code  Gb  system_tviibe4m_cm4.o [18]
UnwrapAngle             0x1008'906d    0x64  Code  Gb  Gyro.o [4]
UsageFault_Handler      0x1008'e9ed          Code  Wk  startup_cm4.o [25]
_LC                     0x1008'34b9     0x6  Code  Lc  xprintflarge_nomb.o [43]
_LitobLargeNoMb         0x1008'3fc3   0x114  Code  Lc  xprintflarge_nomb.o [43]
_PrintfLargeNoMb        0x1008'34bf   0xafe  Code  Gb  xprintflarge_nomb.o [43]
_Prout                  0x1008'e8ad    0x16  Code  Gb  xprout.o [43]
_PutcharsLargeNoMb      0x1008'4131    0x2e  Code  Lc  xprintflarge_nomb.o [43]
_SProut                 0x1008'347b     0xa  Code  Gb  xsprout.o [43]
__NVIC_ClearPendingIRQ  0x1008'd91d    0x1c  Code  Lc  cy_interrupt_map.o [19]
__NVIC_ClearPendingIRQ  0x1008'6b0d    0x1c  Code  Lc  zf_common_interrupt.o [39]
__NVIC_EnableIRQ        0x1008'cbd9    0x1e  Code  Lc  cy_mw_flash.o [10]
__NVIC_EnableIRQ        0x1008'6af1    0x1c  Code  Lc  zf_common_interrupt.o [39]
__NVIC_SetPriority      0x1008'cbf7    0x28  Code  Lc  cy_mw_flash.o [10]
__NVIC_SetPriority      0x1008'6b29    0x24  Code  Lc  zf_common_interrupt.o [39]
__Vectors               0x1008'0000           --   Gb  startup_cm4.o [25]
__Vectors_End           0x1008'0080          Data  Gb  startup_cm4.o [25]
__Vectors_Size {Abs}           0x80           --   Gb  startup_cm4.o [25]
__aeabi_cdcmple         0x1008'9a15          Code  Gb  DblCmpLe.o [44]
__aeabi_d2f             0x1008'9501          Code  Gb  DblToFlt.o [44]
__aeabi_d2iz            0x1008'9a49          Code  Gb  DblToS32.o [44]
__aeabi_d2uiz           0x1008'4615          Code  Gb  DblToU32.o [44]
__aeabi_dadd            0x1008'4655          Code  Gb  DblAddSub.o [44]
__aeabi_ddiv            0x1008'43cd          Code  Gb  DblDiv.o [44]
__aeabi_dmul            0x1008'48b5          Code  Gb  DblMul.o [44]
__aeabi_dsub            0x1008'47d1          Code  Gb  DblAddSub.o [44]
__aeabi_f2d             0x1008'9499          Code  Gb  FltToDbl.o [44]
__aeabi_i2d             0x1008'9a81          Code  Gb  S32ToDbl.o [44]
__aeabi_ldiv0           0x1008'4c99          Code  Gb  I64DivZer.o [45]
__aeabi_memclr4         0x1008'3475          Code  Gb  ABImemclr4.o [45]
__aeabi_memcpy          0x1008'42b5          Code  Gb  ABImemcpy.o [45]
__aeabi_memcpy4         0x1008'42d5          Code  Gb  ABImemcpy.o [45]
__aeabi_memcpy8         0x1008'42d5          Code  Gb  ABImemcpy.o [45]
__aeabi_memset          0x1008'3391          Code  Gb  ABImemset.o [45]
__aeabi_ui2d            0x1008'4639          Code  Gb  U32ToDbl.o [44]
__aeabi_uldivmod        0x1008'4a61          Code  Gb  I64DivMod.o [45]
__cmain                 0x1008'e7c1          Code  Gb  cmain.o [45]
__ecc_init_sram_end_address {Abs}
                         0x807'ffff          Data  Gb  <internal module>
__ecc_init_sram_start_address {Abs}
                         0x802'0000          Data  Gb  <internal module>
__exit                  0x1008'4c9d    0x14  Code  Gb  exit.o [46]
__iar_Fail_s            0x1008'41e5    0x1c  Code  Gb  xfail_s.o [43]
[...]
interrupt_global_enable
                        0x1008'6b4d    0x10  Code  Gb  zf_common_interrupt.o [39]
interrupt_global_flag    0x802'ad98     0x4  Data  Lc  zf_common_interrupt.o [39]
interrupt_init          0x1008'6b9d    0x36  Code  Gb  zf_common_interrupt.o [39]
interrupt_set_priority  0x1008'6b91     0xc  Code  Gb  zf_common_interrupt.o [39]
invSqrt                 0x1008'8a73    0x32  Code  Lc  Gyro.o [4]
ips200_bgcolor           0x802'3dc2     0x2  Data  Lc  zf_device_ips200.o [41]
ips200_clear            0x1008'7a65    0x84  Code  Gb  zf_device_ips200.o [41]
ips200_debug_init       0x1008'79f7    0x6a  Code  Lc  zf_device_ips200.o [41]
ips200_display_dir       0x802'ae1f     0x1  Data  Lc  zf_device_ips200.o [41]
ips200_display_font      0x802'3dc7     0x1  Data  Lc  zf_device_ips200.o [41]
ips200_display_type      0x802'ae1e     0x1  Data  Lc  zf_device_ips200.o [41]
ips200_height_max        0x802'3dbe     0x2  Data  Gb  zf_device_ips200.o [41]
ips200_init             0x1008'7fa1   0x36e  Code  Gb  zf_device_ips200.o [41]
ips200_pencolor          0x802'3dc0     0x2  Data  Lc  zf_device_ips200.o [41]
ips200_set_color        0x1008'7b29     0xe  Code  Gb  zf_device_ips200.o [41]
ips200_set_dir          0x1008'7ae9    0x40  Code  Gb  zf_device_ips200.o [41]
ips200_set_region       0x1008'7931    0xc6  Code  Lc  zf_device_ips200.o [41]
ips200_show_char        0x1008'7b37   0x20e  Code  Gb  zf_device_ips200.o [41]
ips200_show_gray_image  0x1008'7e29   0x164  Code  Gb  zf_device_ips200.o [41]
ips200_show_string      0x1008'7d49    0xac  Code  Gb  zf_device_ips200.o [41]
ips200_width_max         0x802'3dbc     0x2  Data  Gb  zf_device_ips200.o [41]
ips200_write_16bit_data
                        0x1008'7877    0x56  Code  Gb  zf_device_ips200.o [41]
ips200_write_16bit_data_array
                        0x1008'78cd    0x64  Code  Lc  zf_device_ips200.o [41]
ips200_write_8bit_data  0x1008'7837    0x40  Code  Lc  zf_device_ips200.o [41]
ips200_write_command    0x1008'77d7    0x60  Code  Lc  zf_device_ips200.o [41]
ips200_write_data       0x1008'77cd     0xa  Code  Lc  zf_device_ips200.o [41]
ips_bl_pin               0x802'3dc9     0x1  Data  Lc  zf_device_ips200.o [41]
ips_cs_pin               0x802'3dca     0x1  Data  Lc  zf_device_ips200.o [41]
ips_rst_pin              0x802'3dc8     0x1  Data  Lc  zf_device_ips200.o [41]
kalmanFilter_1          0x1008'8a15    0x5e  Code  Gb  Gyro.o [4]
last_left_encoder        0x802'adc8     0x2  Data  Gb  enconder.o [4]
last_right_encoder       0x802'adca     0x2  Data  Gb  enconder.o [4]
left_cir_flag            0x802'ade8     0x2  Data  Gb  image.o [4]
left_encoder             0x802'adc4     0x2  Data  Gb  enconder.o [4]
left_end                 0x802'ae11     0x1  Data  Gb  image.o [4]
left_end_flag            0x802'adcc     0x2  Data  Gb  image.o [4]
left_line_list           0x802'a688    0xc8  Data  Gb  image.o [4]
left_stright             0x802'ade4     0x2  Data  Gb  image.o [4]
left_target_speed        0x802'ad64     0x4  Data  Gb  motor.o [4]
limite_th                0x802'3dc4     0x1  Data  Gb  image.o [4]
lv_gyro_z                0x802'ad34     0x4  Data  Gb  Gyro.o [4]
main                    0x1008'e089    0xd4  Code  Gb  main_cm4.o [38]
memchr                  0x1008'425d          Code  Gb  memchr.o [45]
mid_line_list            0x802'a818    0xc8  Data  Gb  image.o [4]
mid_value                0x802'ad50     0x4  Data  Gb  image.o [4]
mid_weight_list          0x802'3b94   0x190  Data  Gb  image.o [4]
motor_init              0x1008'c251    0x34  Code  Gb  motor.o [4]
mt9v03x_auto_exp         0x802'adb4     0x4  Data  Lc  zf_device_config_mt9v03x.o [47]
mt9v03x_exp_time         0x802'adb8     0x4  Data  Lc  zf_device_config_mt9v03x.o [47]
mt9v03x_finish_flag      0x802'ae20     0x1  Data  Gb  zf_device_mt9v03x.o [41]
mt9v03x_h_blank          0x802'adb0     0x4  Data  Lc  zf_device_config_mt9v03x.o [47]
mt9v03x_h_num            0x800'6918     0x2  Data  Wk  zf_device_mt9v03x.o [41]
mt9v03x_iic_inf_struct   0x802'acd0    0x10  Data  Lc  zf_device_config_mt9v03x.o [47]
mt9v03x_image            0x802'6cb0  0x2ee0  Data  Gb  zf_device_mt9v03x.o [41]
mt9v03x_image_temp       0x802'0658  0x2ee0  Data  Wk  zf_device_mt9v03x.o [41]
mt9v03x_init            0x1008'd0d5    0x28  Code  Gb  zf_device_mt9v03x.o [41]
mt9v03x_read_word_sccb  0x1008'9b61    0x28  Code  Lc  zf_device_config_mt9v03x.o [47]
mt9v03x_row              0x802'adbc     0x4  Data  Lc  zf_device_config_mt9v03x.o [47]
mt9v03x_sccb_check_id   0x1008'9b89    0x60  Code  Gb  zf_device_config_mt9v03x.o [47]
mt9v03x_sccb_init       0x1008'd07b    0x5a  Code  Gb  zf_device_mt9v03x.o [41]
mt9v03x_sccb_set_config
                        0x1008'9be9   0x6fe  Code  Gb  zf_device_config_mt9v03x.o [47]
mt9v03x_trig_init       0x1008'cfdf    0x9c  Code  Lc  zf_device_mt9v03x.o [41]
mt9v03x_v_blank          0x802'adac     0x4  Data  Lc  zf_device_config_mt9v03x.o [47]
mt9v03x_w_num            0x800'691a     0x2  Data  Wk  zf_device_mt9v03x.o [41]
mt9v03x_write_and_check_word_sccb
                        0x1008'9acf    0x92  Code  Lc  zf_device_config_mt9v03x.o [47]
mt9v03x_write_word_sccb
                        0x1008'9aa5    0x2a  Code  Lc  zf_device_config_mt9v03x.o [47]
otsuThreshold           0x1008'2081   0x11e  Code  Gb  image.o [4]
out_cir_left             0x802'adf0     0x2  Data  Gb  image.o [4]
out_cir_right            0x802'adf2     0x2  Data  Gb  image.o [4]
perfect_proportion       0x802'ae21     0x1  Data  Gb  zf_device_mt9v03x.o [41]
pid_L                    0x802'aa98    0x3c  Data  Gb  pid.o [4]
pid_R                    0x802'aad4    0x3c  Data  Gb  pid.o [4]
pid_angle                0x802'ab10    0x3c  Data  Gb  pid.o [4]
pid_w                    0x802'ab88    0x3c  Data  Gb  pid.o [4]
pit0_ch0_isr            0x1008'dd21    0x5a  Code  Gb  cm4_isr.o [38]
pit0_ch10_isr           0x1008'ddc3     0xa  Code  Gb  cm4_isr.o [38]
pit0_ch11_isr           0x1008'ddcd     0xa  Code  Gb  cm4_isr.o [38]
pit0_ch12_isr           0x1008'ddd7     0xa  Code  Gb  cm4_isr.o [38]
pit0_ch13_isr           0x1008'dde1     0xa  Code  Gb  cm4_isr.o [38]
pit0_ch14_isr           0x1008'ddeb     0xa  Code  Gb  cm4_isr.o [38]
pit0_ch15_isr           0x1008'ddf5     0xa  Code  Gb  cm4_isr.o [38]
pit0_ch16_isr           0x1008'ddff     0xa  Code  Gb  cm4_isr.o [38]
pit0_ch17_isr           0x1008'de09     0xa  Code  Gb  cm4_isr.o [38]
pit0_ch18_isr           0x1008'de13     0xa  Code  Gb  cm4_isr.o [38]
pit0_ch19_isr           0x1008'de1d     0xa  Code  Gb  cm4_isr.o [38]
pit0_ch1_isr            0x1008'dd7b    0x1e  Code  Gb  cm4_isr.o [38]
pit0_ch20_isr           0x1008'de27     0xa  Code  Gb  cm4_isr.o [38]
pit0_ch21_isr           0x1008'de31     0xa  Code  Gb  cm4_isr.o [38]
pit0_ch2_isr            0x1008'ddb9     0xa  Code  Gb  cm4_isr.o [38]
pit_init                0x1008'ca17   0x1a6  Code  Gb  zf_driver_pit.o [42]
pit_isr_flag_clear      0x1008'c9ed    0x2a  Code  Gb  zf_driver_pit.o [42]
pit_isr_func             0x802'3d48    0x3c  Data  Gb  zf_driver_pit.o [42]
pitch                    0x802'ad48     0x4  Data  Gb  Gyro.o [4]
printf                  0x1008'd555    0x28  Code  Gb  printf.o [43]
programSizeBytesLut     0x1008'e8c4    0x14  Data  Lc  cy_flash.o [9]
putchar                 0x1008'e781    0x20  Code  Gb  putchar.o [43]
pwm_all_channel_close   0x1008'730b    0x1a  Code  Gb  zf_driver_pwm.o [42]
pwm_init                0x1008'737f   0x1b4  Code  Gb  zf_driver_pwm.o [42]
pwm_l                    0x802'adfc     0x2  Data  Gb  pid.o [4]
pwm_r                    0x802'adfe     0x2  Data  Gb  pid.o [4]
pwm_set_duty            0x1008'7325    0x5a  Code  Gb  zf_driver_pwm.o [42]
q0                       0x802'3b84     0x4  Data  Lc  Gyro.o [4]
q1                       0x802'ad1c     0x4  Data  Lc  Gyro.o [4]
q2                       0x802'ad20     0x4  Data  Lc  Gyro.o [4]
q3                       0x802'ad24     0x4  Data  Lc  Gyro.o [4]
ramp_flag                0x802'ad7c     0x4  Data  Gb  motor.o [4]
record_encoder           0x802'adf6     0x2  Data  Gb  ins.o [4]
record_index             0x802'ad58     0x4  Data  Gb  ins.o [4]
record_mode              0x802'ae14     0x1  Data  Gb  ins.o [4]
record_stop              0x802'ae15     0x1  Data  Gb  ins.o [4]
record_yaw               0x802'a390   0x1e0  Data  Gb  ins.o [4]
replay_encoder           0x802'adf8     0x2  Data  Gb  ins.o [4]
replay_index             0x802'ad5c     0x4  Data  Gb  ins.o [4]
replay_mode              0x802'ae18     0x1  Data  Gb  ins.o [4]
right_cir_flag           0x802'adea     0x2  Data  Gb  image.o [4]
right_encoder            0x802'adc6     0x2  Data  Gb  enconder.o [4]
right_end                0x802'ae12     0x1  Data  Gb  image.o [4]
right_end_flag           0x802'adce     0x2  Data  Gb  image.o [4]
right_line_list          0x802'a750    0xc8  Data  Gb  image.o [4]
right_stright            0x802'ade6     0x2  Data  Gb  image.o [4]
right_target_speed       0x802'ad68     0x4  Data  Gb  motor.o [4]
rode_wide_list           0x802'a8e0    0xc8  Data  Gb  image.o [4]
roll                     0x802'ad44     0x4  Data  Gb  Gyro.o [4]
run_flag                 0x802'ae19     0x1  Data  Gb  motor.o [4]
scale                   0x1008'40d7    0x46  Code  Lc  xprintflarge_nomb.o [43]
scb_module               0x802'3da8    0x14  Data  Gb  zf_driver_uart.o [42]
sec_hand                 0x802'adc0     0x4  Data  Lc  xfail_s.o [43]
set_motor_pwm           0x1008'c285    0xa8  Code  Gb  motor.o [4]
set_wireless_type       0x1008'e063    0x18  Code  Gb  zf_device_type.o [41]
sin                     0x1008'9a11     0x4  Code  Gb  cos_sin64.o [44]
sinl                    0x1008'9a11     0x4  Code  Gb  cos_sin64.o [44]
soft_iic_init           0x1008'a885    0x78  Code  Gb  zf_driver_soft_iic.o [42]
soft_iic_read_data      0x1008'a6af   0x10e  Code  Lc  zf_driver_soft_iic.o [42]
soft_iic_sccb_read_register
                        0x1008'a819    0x6c  Code  Gb  zf_driver_soft_iic.o [42]
soft_iic_sccb_write_register
                        0x1008'a7c9    0x4c  Code  Gb  zf_driver_soft_iic.o [42]
soft_iic_send_ack       0x1008'a441    0xc6  Code  Lc  zf_driver_soft_iic.o [42]
soft_iic_send_data      0x1008'a5d7    0xd8  Code  Lc  zf_driver_soft_iic.o [42]
soft_iic_start          0x1008'a305    0x9e  Code  Lc  zf_driver_soft_iic.o [42]
soft_iic_stop           0x1008'a3a3    0x9e  Code  Lc  zf_driver_soft_iic.o [42]
soft_iic_wait_ack       0x1008'a507    0xd0  Code  Lc  zf_driver_soft_iic.o [42]
speed_diff               0x802'ad6c     0x4  Data  Gb  motor.o [4]
speed_ramp_step          0x802'3d24     0x4  Data  Gb  motor.o [4]
spi_get_clk_hsiom       0x1008'4f2b    0x28  Code  Lc  zf_driver_spi.o [42]
spi_get_clk_pin         0x1008'4e83    0x28  Code  Lc  zf_driver_spi.o [42]
spi_get_cs_hsiom        0x1008'4fa7    0x2c  Code  Lc  zf_driver_spi.o [42]
spi_get_cs_pin          0x1008'4eff    0x2c  Code  Lc  zf_driver_spi.o [42]
spi_get_miso_hsiom      0x1008'4f7b    0x2c  Code  Lc  zf_driver_spi.o [42]
spi_get_miso_pin        0x1008'4ed3    0x2c  Code  Lc  zf_driver_spi.o [42]
spi_get_module_clock    0x1008'4fd3    0x26  Code  Lc  zf_driver_spi.o [42]
spi_get_mosi_hsiom      0x1008'4f53    0x28  Code  Lc  zf_driver_spi.o [42]
spi_get_mosi_pin        0x1008'4eab    0x28  Code  Lc  zf_driver_spi.o [42]
spi_init                0x1008'5681   0x242  Code  Gb  zf_driver_spi.o [42]
spi_module               0x802'3d84    0x10  Data  Gb  zf_driver_spi.o [42]
spi_read_8bit_registers
                        0x1008'5579    0xf6  Code  Gb  zf_driver_spi.o [42]
spi_write_16bit         0x1008'5221    0xae  Code  Gb  zf_driver_spi.o [42]
spi_write_16bit_array   0x1008'52cf    0xba  Code  Gb  zf_driver_spi.o [42]
spi_write_8bit          0x1008'5157    0xca  Code  Gb  zf_driver_spi.o [42]
spi_write_8bit_register
                        0x1008'5389    0xf0  Code  Gb  zf_driver_spi.o [42]
spi_write_8bit_registers
                        0x1008'5479    0xec  Code  Gb  zf_driver_spi.o [42]
sprintf                 0x1008'68b1    0x40  Code  Gb  sprintf.o [43]
sqrtf                   0x1008'9479          Code  Gb  sqrtf.o [44]
strchr                  0x1008'41cd          Code  Gb  strchr.o [45]
stright_angle           0x1008'2d45   0x1ae  Code  Gb  image.o [4]
strlen                  0x1008'4225          Code  Gb  strlen.o [45]
strncpy                 0x1008'af79          Code  Gb  strncpy.o [45]
switch_transition_length
                        0x1008'4ff9   0x15e  Code  Lc  zf_driver_spi.o [42]
switch_transition_length::now_length
                         0x802'ada4     0x4  Data  Lc  zf_driver_spi.o [42]
system_clock             0x802'ad94     0x4  Data  Gb  zf_common_clock.o [39]
system_delay_init       0x1008'8633    0x92  Code  Gb  zf_driver_delay.o [42]
system_delay_ms         0x1008'85d5    0x5e  Code  Gb  zf_driver_delay.o [42]
target_yaw               0x802'ad60     0x4  Data  Gb  ins.o [4]
threshold                0x802'ae10     0x1  Data  Gb  image.o [4]
timer_ch                 0x802'3dcc     0x1  Data  Lc  zf_driver_delay.o [42]
timer_init              0x1008'd861    0xa4  Code  Gb  zf_driver_timer.o [42]
type_default_callback   0x1008'e061     0x2  Code  Lc  zf_device_type.o [41]
uart0_isr               0x1008'de3b    0x12  Code  Gb  cm4_isr.o [38]
uart1_isr               0x1008'de4d     0xa  Code  Gb  cm4_isr.o [38]
uart2_isr               0x1008'de57    0x12  Code  Gb  cm4_isr.o [38]
uart3_isr               0x1008'de69     0xa  Code  Gb  cm4_isr.o [38]
uart4_isr               0x1008'de73     0xa  Code  Gb  cm4_isr.o [38]
uartCMDRecv             0x1008'e005    0x4e  Code  Gb  vofa_function.o [4]
uart_context             0x802'a570   0x118  Data  Gb  zf_driver_uart.o [42]
uart_data_buffer         0x802'ace0     0x8  Data  Lc  zf_driver_uart.o [42]
uart_data_refresh        0x802'ace8     0x8  Data  Lc  zf_driver_uart.o [42]
uart_init               0x1008'66e9   0x186  Code  Gb  zf_driver_uart.o [42]
uart_isr_func            0x802'3d94    0x14  Data  Gb  zf_driver_uart.o [42]
uart_isr_mask           0x1008'627f    0x80  Code  Gb  zf_driver_uart.o [42]
uart_query_byte         0x1008'649f    0x30  Code  Gb  zf_driver_uart.o [42]
uart_rx_interrupt       0x1008'65eb    0xfe  Code  Gb  zf_driver_uart.o [42]
uart_tx_interrupt       0x1008'64cf   0x11c  Code  Gb  zf_driver_uart.o [42]
uart_write_buffer       0x1008'645f    0x1e  Code  Gb  zf_driver_uart.o [42]
uart_write_byte         0x1008'6437    0x28  Code  Gb  zf_driver_uart.o [42]
uart_write_string       0x1008'647d    0x22  Code  Gb  zf_driver_uart.o [42]
vofaCommandData          0x802'ac54    0x18  Data  Gb  vofa_function.o [4]
vofaJustFloatInit       0x1008'dfdd    0x28  Code  Gb  vofa_function.o [4]
vofaRxBufferIndex        0x802'ae1a     0x1  Data  Gb  vofa_uart.o [4]
wireless_module_uart_handler
                         0x802'3d30     0x4  Data  Gb  zf_device_type.o [41]
wireless_type            0x802'ae22     0x1  Data  Gb  zf_device_type.o [41]
wireless_uart_buffer     0x802'aa58    0x40  Data  Lc  zf_device_wireless_uart.o [41]
wireless_uart_callback  0x1008'df69    0x22  Code  Gb  zf_device_wireless_uart.o [41]
wireless_uart_data       0x802'ae23     0x1  Data  Lc  zf_device_wireless_uart.o [41]
wireless_uart_fifo       0x802'ac84    0x18  Data  Lc  zf_device_wireless_uart.o [41]
wireless_uart_init      0x1008'df8b    0x40  Code  Gb  zf_device_wireless_uart.o [41]
yawSoftwareOffset        0x802'ad4c     0x4  Data  Lc  Gyro.o [4]
z_angle_handler          0x802'3b88     0xc  Data  Gb  Gyro.o [4]
zf_debug_assert_enable   0x802'3dc6     0x1  Data  Lc  zf_common_debug.o [39]
zf_debug_init_flag       0x802'ae1b     0x1  Data  Lc  zf_common_debug.o [39]


[1] = D:\Develop\code\mini_smart_car\project\iar\Debug_m4\Obj\adc_11722776235721520015.dir
[2] = D:\Develop\code\mini_smart_car\project\iar\Debug_m4\Obj\button_4990804375159372270.dir
[3] = D:\Develop\code\mini_smart_car\project\iar\Debug_m4\Obj\canfd_1800690984773873875.dir
[4] = D:\Develop\code\mini_smart_car\project\iar\Debug_m4\Obj\code_17896468042025673432.dir
[5] = D:\Develop\code\mini_smart_car\project\iar\Debug_m4\Obj\cpu_15938736945165268644.dir
[6] = D:\Develop\code\mini_smart_car\project\iar\Debug_m4\Obj\crypto_1190170608956581615.dir
[7] = D:\Develop\code\mini_smart_car\project\iar\Debug_m4\Obj\dma_12106025507578611576.dir
[8] = D:\Develop\code\mini_smart_car\project\iar\Debug_m4\Obj\evtgen_3404189088603873129.dir
[9] = D:\Develop\code\mini_smart_car\project\iar\Debug_m4\Obj\flash_8529866181315662935.dir
[10] = D:\Develop\code\mini_smart_car\project\iar\Debug_m4\Obj\flash_864493325053435817.dir
[11] = D:\Develop\code\mini_smart_car\project\iar\Debug_m4\Obj\gpio_3999404635324069351.dir
[12] = D:\Develop\code\mini_smart_car\project\iar\Debug_m4\Obj\ipc_10145506163450686023.dir
[13] = D:\Develop\code\mini_smart_car\project\iar\Debug_m4\Obj\lin_18429031207028094880.dir
[14] = D:\Develop\code\mini_smart_car\project\iar\Debug_m4\Obj\lvd_6353935867039560245.dir
[15] = D:\Develop\code\mini_smart_car\project\iar\Debug_m4\Obj\mcwdt_4052485907822033969.dir
[16] = D:\Develop\code\mini_smart_car\project\iar\Debug_m4\Obj\mpu_5663187252346826382.dir
[17] = D:\Develop\code\mini_smart_car\project\iar\Debug_m4\Obj\prot_10722960861768657883.dir
[18] = D:\Develop\code\mini_smart_car\project\iar\Debug_m4\Obj\rev_b_4986922561640112550.dir
[19] = D:\Develop\code\mini_smart_car\project\iar\Debug_m4\Obj\rev_b_6162237342861132223.dir
[20] = D:\Develop\code\mini_smart_car\project\iar\Debug_m4\Obj\scb_15490842639181808494.dir
[21] = D:\Develop\code\mini_smart_car\project\iar\Debug_m4\Obj\semihosting_143864889731838620.dir
[22] = D:\Develop\code\mini_smart_car\project\iar\Debug_m4\Obj\smartio_5451710003740070188.dir
[23] = D:\Develop\code\mini_smart_car\project\iar\Debug_m4\Obj\smif_427648126384146252.dir
[24] = D:\Develop\code\mini_smart_car\project\iar\Debug_m4\Obj\srom_13018798572330080582.dir
[25] = D:\Develop\code\mini_smart_car\project\iar\Debug_m4\Obj\startup_479057977785470282.dir
[26] = D:\Develop\code\mini_smart_car\project\iar\Debug_m4\Obj\sw_timer_4215635015939382130.dir
[27] = D:\Develop\code\mini_smart_car\project\iar\Debug_m4\Obj\sysclk_16149231235676103872.dir
[28] = D:\Develop\code\mini_smart_car\project\iar\Debug_m4\Obj\sysflt_12293435975120599261.dir
[29] = D:\Develop\code\mini_smart_car\project\iar\Debug_m4\Obj\sysint_7435970359207984181.dir
[30] = D:\Develop\code\mini_smart_car\project\iar\Debug_m4\Obj\syslib_16330585751512546975.dir
[31] = D:\Develop\code\mini_smart_car\project\iar\Debug_m4\Obj\syspm_10887939769544754770.dir
[32] = D:\Develop\code\mini_smart_car\project\iar\Debug_m4\Obj\sysreset_14586141425677365288.dir
[33] = D:\Develop\code\mini_smart_car\project\iar\Debug_m4\Obj\sysrtc_10747768817563771611.dir
[34] = D:\Develop\code\mini_smart_car\project\iar\Debug_m4\Obj\systick_16016591671695740695.dir
[35] = D:\Develop\code\mini_smart_car\project\iar\Debug_m4\Obj\syswdt_9118657615806274156.dir
[36] = D:\Develop\code\mini_smart_car\project\iar\Debug_m4\Obj\tcpwm_422923530147891246.dir
[37] = D:\Develop\code\mini_smart_car\project\iar\Debug_m4\Obj\trigmux_9729677290734583340.dir
[38] = D:\Develop\code\mini_smart_car\project\iar\Debug_m4\Obj\user_8514941877209965082.dir
[39] = D:\Develop\code\mini_smart_car\project\iar\Debug_m4\Obj\zf_common_1201165462030747823.dir
[40] = D:\Develop\code\mini_smart_car\project\iar\Debug_m4\Obj\zf_components_14936052685886095442.dir
[41] = D:\Develop\code\mini_smart_car\project\iar\Debug_m4\Obj\zf_device_6570275422786408770.dir
[42] = D:\Develop\code\mini_smart_car\project\iar\Debug_m4\Obj\zf_driver_11922370083829174090.dir
[43] = dl7M_tln.a
[44] = m7M_tls.a
[45] = rt7M_tl.a
[46] = shb_l.a
[47] = zf_device_config.a

  48'128 bytes of readonly  code memory
  12'088 bytes of readonly  data memory
  39'274 bytes of readwrite data memory (+ 12'004 absolute)

Errors: none
Warnings: none
